Component: ARM Compiler 5.06 update 6 (build 750) Tool: armlink [4d35ed]

==============================================================================

Section Cross References

    startup_stm32f407xx.o(RESET) refers to startup_stm32f407xx.o(STACK) for __initial_sp
    startup_stm32f407xx.o(RESET) refers to startup_stm32f407xx.o(.text) for Reset_Handler
    startup_stm32f407xx.o(RESET) refers to stm32f4xx_it.o(i.NMI_Handler) for NMI_Handler
    startup_stm32f407xx.o(RESET) refers to stm32f4xx_it.o(i.HardFault_Handler) for HardFault_Handler
    startup_stm32f407xx.o(RESET) refers to stm32f4xx_it.o(i.MemManage_Handler) for MemManage_Handler
    startup_stm32f407xx.o(RESET) refers to stm32f4xx_it.o(i.BusFault_Handler) for BusFault_Handler
    startup_stm32f407xx.o(RESET) refers to stm32f4xx_it.o(i.UsageFault_Handler) for UsageFault_Handler
    startup_stm32f407xx.o(RESET) refers to port.o(.emb_text) for SVC_Handler
    startup_stm32f407xx.o(RESET) refers to stm32f4xx_it.o(i.DebugMon_Handler) for DebugMon_Handler
    startup_stm32f407xx.o(RESET) refers to port.o(i.SysTick_Handler) for SysTick_Handler
    startup_stm32f407xx.o(RESET) refers to stm32f4xx_it.o(i.TIM6_DAC_IRQHandler) for TIM6_DAC_IRQHandler
    startup_stm32f407xx.o(RESET) refers to stm32f4xx_it.o(i.OTG_FS_IRQHandler) for OTG_FS_IRQHandler
    startup_stm32f407xx.o(.text) refers to system_stm32f4xx.o(i.SystemInit) for SystemInit
    startup_stm32f407xx.o(.text) refers to entry.o(.ARM.Collect$$$$00000000) for __main
    main.o(i.HAL_TIM_PeriodElapsedCallback) refers to stm32f4xx_hal.o(i.HAL_IncTick) for HAL_IncTick
    main.o(i.MX_GPIO_Init) refers to memseta.o(.text) for __aeabi_memclr4
    main.o(i.MX_GPIO_Init) refers to stm32f4xx_hal_gpio.o(i.HAL_GPIO_WritePin) for HAL_GPIO_WritePin
    main.o(i.MX_GPIO_Init) refers to stm32f4xx_hal_gpio.o(i.HAL_GPIO_Init) for HAL_GPIO_Init
    main.o(i.StartDefaultTask) refers to usb_device.o(i.MX_USB_DEVICE_Init) for MX_USB_DEVICE_Init
    main.o(i.StartDefaultTask) refers to cmsis_os2.o(i.osDelay) for osDelay
    main.o(i.StartTask02) refers to app.o(i.ToLower) for ToLower
    main.o(i.StartTask02) refers to strstr.o(.text) for strstr
    main.o(i.StartTask02) refers to atoi.o(.text) for atoi
    main.o(i.StartTask02) refers to memseta.o(.text) for __aeabi_memclr
    main.o(i.StartTask02) refers to stm32f4xx_hal_gpio.o(i.HAL_GPIO_WritePin) for HAL_GPIO_WritePin
    main.o(i.StartTask02) refers to cmsis_os2.o(i.osDelay) for osDelay
    main.o(i.StartTask02) refers to usbd_cdc_if.o(.bss) for UserRxBufferFS
    main.o(i.StartTask02) refers to main.o(.data) for .data
    main.o(i.StartTask03) refers to app.o(i.ToLower) for ToLower
    main.o(i.StartTask03) refers to strstr.o(.text) for strstr
    main.o(i.StartTask03) refers to stm32f4xx_hal_gpio.o(i.HAL_GPIO_WritePin) for HAL_GPIO_WritePin
    main.o(i.StartTask03) refers to cmsis_os2.o(i.osDelay) for osDelay
    main.o(i.StartTask03) refers to memseta.o(.text) for __aeabi_memclr
    main.o(i.StartTask03) refers to main.o(.data) for .data
    main.o(i.StartTask03) refers to usbd_cdc_if.o(.bss) for UserRxBufferFS
    main.o(i.SystemClock_Config) refers to memseta.o(.text) for __aeabi_memclr4
    main.o(i.SystemClock_Config) refers to stm32f4xx_hal_rcc.o(i.HAL_RCC_OscConfig) for HAL_RCC_OscConfig
    main.o(i.SystemClock_Config) refers to stm32f4xx_hal_rcc.o(i.HAL_RCC_ClockConfig) for HAL_RCC_ClockConfig
    main.o(i.main) refers to stm32f4xx_hal.o(i.HAL_Init) for HAL_Init
    main.o(i.main) refers to main.o(i.SystemClock_Config) for SystemClock_Config
    main.o(i.main) refers to main.o(i.MX_GPIO_Init) for MX_GPIO_Init
    main.o(i.main) refers to app.o(i.Send_UID) for Send_UID
    main.o(i.main) refers to cmsis_os2.o(i.osKernelInitialize) for osKernelInitialize
    main.o(i.main) refers to cmsis_os2.o(i.osThreadNew) for osThreadNew
    main.o(i.main) refers to cmsis_os2.o(i.osKernelStart) for osKernelStart
    main.o(i.main) refers to main.o(.constdata) for .constdata
    main.o(i.main) refers to main.o(i.StartDefaultTask) for StartDefaultTask
    main.o(i.main) refers to main.o(.data) for .data
    main.o(i.main) refers to main.o(i.StartTask02) for StartTask02
    main.o(i.main) refers to main.o(i.StartTask03) for StartTask03
    main.o(.constdata) refers to main.o(.conststring) for .conststring
    usb_device.o(i.MX_USB_DEVICE_Init) refers to usbd_core.o(i.USBD_Init) for USBD_Init
    usb_device.o(i.MX_USB_DEVICE_Init) refers to main.o(i.Error_Handler) for Error_Handler
    usb_device.o(i.MX_USB_DEVICE_Init) refers to usbd_core.o(i.USBD_RegisterClass) for USBD_RegisterClass
    usb_device.o(i.MX_USB_DEVICE_Init) refers to usbd_cdc.o(i.USBD_CDC_RegisterInterface) for USBD_CDC_RegisterInterface
    usb_device.o(i.MX_USB_DEVICE_Init) refers to usbd_core.o(i.USBD_Start) for USBD_Start
    usb_device.o(i.MX_USB_DEVICE_Init) refers to usbd_desc.o(.data) for FS_Desc
    usb_device.o(i.MX_USB_DEVICE_Init) refers to usb_device.o(.bss) for .bss
[...]
    .constdata                               0x08005428   Section       16  system_stm32f4xx.o(.constdata)
    .constdata                               0x08005438   Section        8  system_stm32f4xx.o(.constdata)
    .constdata                               0x08005440   Section      129  ctype_o.o(.constdata)
    .constdata                               0x080054c4   Section        4  ctype_o.o(.constdata)
    table                                    0x080054c4   Data           4  ctype_o.o(.constdata)
    .conststring                             0x080054c8   Section       28  main.o(.conststring)
    .data                                    0x20000000   Section       20  main.o(.data)
    .data                                    0x20000014   Section       28  usbd_desc.o(.data)
    .data                                    0x20000030   Section       50  usbd_desc.o(.data)
    .data                                    0x20000064   Section       16  usbd_cdc_if.o(.data)
    .data                                    0x20000074   Section       12  stm32f4xx_hal.o(.data)
    .data                                    0x20000080   Section        4  system_stm32f4xx.o(.data)
    .data                                    0x20000084   Section       60  tasks.o(.data)
    pxDelayedTaskList                        0x20000088   Data           4  tasks.o(.data)
    pxOverflowDelayedTaskList                0x2000008c   Data           4  tasks.o(.data)
    uxDeletedTasksWaitingCleanUp             0x20000090   Data           4  tasks.o(.data)
    uxCurrentNumberOfTasks                   0x20000094   Data           4  tasks.o(.data)
    xTickCount                               0x20000098   Data           4  tasks.o(.data)
    uxTopReadyPriority                       0x2000009c   Data           4  tasks.o(.data)
    xSchedulerRunning                        0x200000a0   Data           4  tasks.o(.data)
    uxPendedTicks                            0x200000a4   Data           4  tasks.o(.data)
    xYieldPending                            0x200000a8   Data           4  tasks.o(.data)
    xNumOfOverflows                          0x200000ac   Data           4  tasks.o(.data)
    uxTaskNumber                             0x200000b0   Data           4  tasks.o(.data)
    xNextTaskUnblockTime                     0x200000b4   Data           4  tasks.o(.data)
    xIdleTaskHandle                          0x200000b8   Data           4  tasks.o(.data)
    uxSchedulerSuspended                     0x200000bc   Data           4  tasks.o(.data)
    .data                                    0x200000c0   Section       20  timers.o(.data)
    pxCurrentTimerList                       0x200000c0   Data           4  timers.o(.data)
    pxOverflowTimerList                      0x200000c4   Data           4  timers.o(.data)
    xTimerQueue                              0x200000c8   Data           4  timers.o(.data)
    xTimerTaskHandle                         0x200000cc   Data           4  timers.o(.data)
    xLastTime                                0x200000d0   Data           4  timers.o(.data)
    .data                                    0x200000d4   Section        4  cmsis_os2.o(.data)
    KernelState                              0x200000d4   Data           4  cmsis_os2.o(.data)
    .data                                    0x200000d8   Section       24  heap_4.o(.data)
    pxEnd                                    0x200000d8   Data           4  heap_4.o(.data)
    xFreeBytesRemaining                      0x200000dc   Data           4  heap_4.o(.data)
    xMinimumEverFreeBytesRemaining           0x200000e0   Data           4  heap_4.o(.data)
    xBlockAllocatedBit                       0x200000e4   Data           4  heap_4.o(.data)
    xStart                                   0x200000e8   Data           8  heap_4.o(.data)
    .data                                    0x200000f0   Section       12  port.o(.data)
    ucMaxSysCallPriority                     0x200000f0   Data           1  port.o(.data)
    uxCriticalNesting                        0x200000f4   Data           4  port.o(.data)
    ulMaxPRIGROUPValue                       0x200000f8   Data           4  port.o(.data)
    .data                                    0x200000fc   Section        1  usbd_ctlreq.o(.data)
    cfgidx                                   0x200000fc   Data           1  usbd_ctlreq.o(.data)
    .data                                    0x20000100   Section      215  usbd_cdc.o(.data)
    USBD_CDC_DeviceQualifierDesc             0x20000100   Data          10  usbd_cdc.o(.data)
    .data                                    0x200001d8   Section       56  usbd_cdc.o(.data)
    .data                                    0x20000210   Section        4  mvars.o(.data)
    .data                                    0x20000214   Section        4  mvars.o(.data)
    .data                                    0x20000218   Section        4  errno.o(.data)
    _errno                                   0x20000218   Data           4  errno.o(.data)
    .bss                                     0x2000021c   Section      668  usb_device.o(.bss)
    .bss                                     0x200004b8   Section     1032  usbd_conf.o(.bss)
    .bss                                     0x200008c0   Section      512  usbd_desc.o(.bss)
    .bss                                     0x20000ac0   Section     4096  usbd_cdc_if.o(.bss)
    .bss                                     0x20001ac0   Section       64  stm32f4xx_hal_timebase_tim.o(.bss)
    .bss                                     0x20001b00   Section       76  app.o(.bss)
    .bss                                     0x20001b4c   Section       64  queue.o(.bss)
    .bss                                     0x20001b8c   Section     1220  tasks.o(.bss)
    pxReadyTasksLists                        0x20001b8c   Data        1120  tasks.o(.bss)
    xDelayedTaskList1                        0x20001fec   Data          20  tasks.o(.bss)
    xDelayedTaskList2                        0x20002000   Data          20  tasks.o(.bss)
    xPendingReadyList                        0x20002014   Data          20  tasks.o(.bss)
    xTasksWaitingTermination                 0x20002028   Data          20  tasks.o(.bss)
    xSuspendedTaskList                       0x2000203c   Data          20  tasks.o(.bss)
    .bss                                     0x20002050   Section      280  timers.o(.bss)
    xActiveTimerList1                        0x20002050   Data          20  timers.o(.bss)
    xActiveTimerList2                        0x20002064   Data          20  timers.o(.bss)
    xStaticTimerQueue                        0x20002078   Data          80  timers.o(.bss)
    ucStaticTimerQueueStorage                0x200020c8   Data         160  timers.o(.bss)
    .bss                                     0x20002168   Section     1720  cmsis_os2.o(.bss)
    Idle_TCB                                 0x20002168   Data          92  cmsis_os2.o(.bss)
    Idle_Stack                               0x200021c4   Data         512  cmsis_os2.o(.bss)
    Timer_TCB                                0x200023c4   Data          92  cmsis_os2.o(.bss)
    Timer_Stack                              0x20002420   Data        1024  cmsis_os2.o(.bss)
    .bss                                     0x20002820   Section    15360  heap_4.o(.bss)
    ucHeap                                   0x20002820   Data       15360  heap_4.o(.bss)
    HEAP                                     0x20006420   Section      512  startup_stm32f407xx.o(HEAP)
    STACK                                    0x20006620   Section     1024  startup_stm32f407xx.o(STACK)

    Global Symbols

    Symbol Name                              Value     Ov Type        Size  Object(Section)

    BuildAttributes$$THM_ISAv4$E$P$D$K$B$S$7EM$VFPi3$EXTD16$VFPS$VFMA$PE$A:L22UL41UL21$X:L11$S22US41US21$IEEE1$IW$USESV6$~STKCKD$USESV7$~SHL$OSPACE$ROPI$EBA8$MICROLIB$REQ8$PRES8$EABIv2 0x00000000   Number         0  anon$$obj.o ABSOLUTE
    __ARM_use_no_argv                        0x00000000   Number         0  main.o ABSOLUTE
    _printf_a                                0x00000000   Number         0  stubs.o ABSOLUTE
    _printf_c                                0x00000000   Number         0  stubs.o ABSOLUTE
    _printf_charcount                        0x00000000   Number         0  stubs.o ABSOLUTE
    _printf_d                                0x00000000   Number         0  stubs.o ABSOLUTE
    _printf_e                                0x00000000   Number         0  stubs.o ABSOLUTE
    _printf_f                                0x00000000   Number         0  stubs.o ABSOLUTE
    _printf_flags                            0x00000000   Number         0  stubs.o ABSOLUTE
    _printf_fp_dec                           0x00000000   Number         0  stubs.o ABSOLUTE
    _printf_fp_hex                           0x00000000   Number         0  stubs.o ABSOLUTE
    _printf_g                                0x00000000   Number         0  stubs.o ABSOLUTE
    _printf_i                                0x00000000   Number         0  stubs.o ABSOLUTE
    _printf_int_dec                          0x00000000   Number         0  stubs.o ABSOLUTE
    _printf_l                                0x00000000   Number         0  stubs.o ABSOLUTE
    _printf_lc                               0x00000000   Number         0  stubs.o ABSOLUTE
    _printf_ll                               0x00000000   Number         0  stubs.o ABSOLUTE
    _printf_lld                              0x00000000   Number         0  stubs.o ABSOLUTE
    _printf_lli                              0x00000000   Number         0  stubs.o ABSOLUTE
    _printf_llo                              0x00000000   Number         0  stubs.o ABSOLUTE
    _printf_llu                              0x00000000   Number         0  stubs.o ABSOLUTE
    _printf_llx                              0x00000000   Number         0  stubs.o ABSOLUTE
    _printf_longlong_dec                     0x00000000   Number         0  stubs.o ABSOLUTE
    _printf_longlong_hex                     0x00000000   Number         0  stubs.o ABSOLUTE
    _printf_longlong_oct                     0x00000000   Number         0  stubs.o ABSOLUTE
    _printf_ls                               0x00000000   Number         0  stubs.o ABSOLUTE
    _printf_mbtowc                           0x00000000   Number         0  stubs.o ABSOLUTE
    _printf_n                                0x00000000   Number         0  stubs.o ABSOLUTE
    _printf_o                                0x00000000   Number         0  stubs.o ABSOLUTE
    _printf_p                                0x00000000   Number         0  stubs.o ABSOLUTE
    _printf_percent                          0x00000000   Number         0  stubs.o ABSOLUTE
    _printf_pre_padding                      0x00000000   Number         0  stubs.o ABSOLUTE
    _printf_return_value                     0x00000000   Number         0  stubs.o ABSOLUTE
    _printf_s                                0x00000000   Number         0  stubs.o ABSOLUTE
    _printf_sizespec                         0x00000000   Number         0  stubs.o ABSOLUTE
    _printf_str                              0x00000000   Number         0  stubs.o ABSOLUTE
    _printf_truncate_signed                  0x00000000   Number         0  stubs.o ABSOLUTE
    _printf_truncate_unsigned                0x00000000   Number         0  stubs.o ABSOLUTE
    _printf_u                                0x00000000   Number         0  stubs.o ABSOLUTE
    _printf_wc                               0x00000000   Number         0  stubs.o ABSOLUTE
    _printf_wctomb                           0x00000000   Number         0  stubs.o ABSOLUTE
    _printf_widthprec                        0x00000000   Number         0  stubs.o ABSOLUTE
    _printf_x                                0x00000000   Number         0  stubs.o ABSOLUTE
    __cpp_initialize__aeabi_                  - Undefined Weak Reference
    __cxa_finalize                            - Undefined Weak Reference
    _clock_init                               - Undefined Weak Reference
    _microlib_exit                            - Undefined Weak Reference
    __Vectors_Size                           0x00000188   Number         0  startup_stm32f407xx.o ABSOLUTE
    __Vectors                                0x08000000   Data           4  startup_stm32f407xx.o(RESET)
    __Vectors_End                            0x08000188   Data           0  startup_stm32f407xx.o(RESET)
    __main                                   0x08000189   Thumb Code     0  entry.o(.ARM.Collect$$$$00000000)
    _main_stk                                0x08000189   Thumb Code     0  entry2.o(.ARM.Collect$$$$00000001)
    _main_scatterload                        0x0800018d   Thumb Code     0  entry5.o(.ARM.Collect$$$$00000004)
    __main_after_scatterload                 0x08000191   Thumb Code     0  entry5.o(.ARM.Collect$$$$00000004)
    _main_clock                              0x08000191   Thumb Code     0  entry7b.o(.ARM.Collect$$$$00000008)
    _main_cpp_init                           0x08000191   Thumb Code     0  entry8b.o(.ARM.Collect$$$$0000000A)
    _main_init                               0x08000191   Thumb Code     0  entry9a.o(.ARM.Collect$$$$0000000B)
    __rt_final_cpp                           0x08000199   Thumb Code     0  entry10a.o(.ARM.Collect$$$$0000000D)
    __rt_final_exit                          0x08000199   Thumb Code     0  entry11a.o(.ARM.Collect$$$$0000000F)
    SVC_Handler                              0x0800019d   Thumb Code    28  port.o(.emb_text)
    __asm___6_port_c_39a90d8d__prvStartFirstTask 0x080001bd   Thumb Code    36  port.o(.emb_text)
    __asm___6_port_c_39a90d8d__prvEnableVFP  0x080001e5   Thumb Code    16  port.o(.emb_text)
    PendSV_Handler                           0x080001f9   Thumb Code    88  port.o(.emb_text)
    vPortGetIPSR                             0x08000255   Thumb Code     6  port.o(.emb_text)
    Reset_Handler                            0x0800025d   Thumb Code     8  startup_stm32f407xx.o(.text)
    ADC_IRQHandler                           0x08000277   Thumb Code     0  startup_stm32f407xx.o(.text)
    CAN1_RX0_IRQHandler                      0x08000277   Thumb Code     0  startup_stm32f407xx.o(.text)
    CAN1_RX1_IRQHandler                      0x08000277   Thumb Code     0  startup_stm32f407xx.o(.text)
    CAN1_SCE_IRQHandler                      0x08000277   Thumb Code     0  startup_stm32f407xx.o(.text)
    CAN1_TX_IRQHandler                       0x08000277   Thumb Code     0  startup_stm32f407xx.o(.text)
    CAN2_RX0_IRQHandler                      0x08000277   Thumb Code     0  startup_stm32f407xx.o(.text)
    CAN2_RX1_IRQHandler                      0x08000277   Thumb Code     0  startup_stm32f407xx.o(.text)
    CAN2_SCE_IRQHandler                      0x08000277   Thumb Code     0  startup_stm32f407xx.o(.text)
    CAN2_TX_IRQHandler                       0x08000277   Thumb Code     0  startup_stm32f407xx.o(.text)
    DCMI_IRQHandler                          0x08000277   Thumb Code     0  startup_stm32f407xx.o(.text)
    DMA1_Stream0_IRQHandler                  0x08000277   Thumb Code     0  startup_stm32f407xx.o(.text)
    DMA1_Stream1_IRQHandler                  0x08000277   Thumb Code     0  startup_stm32f407xx.o(.text)
    DMA1_Stream2_IRQHandler                  0x08000277   Thumb Code     0  startup_stm32f407xx.o(.text)
    DMA1_Stream3_IRQHandler                  0x08000277   Thumb Code     0  startup_stm32f407xx.o(.text)
    DMA1_Stream4_IRQHandler                  0x08000277   Thumb Code     0  startup_stm32f407xx.o(.text)
    DMA1_Stream5_IRQHandler                  0x08000277   Thumb Code     0  startup_stm32f407xx.o(.text)
    DMA1_Stream6_IRQHandler                  0x08000277   Thumb Code     0  startup_stm32f407xx.o(.text)
    DMA1_Stream7_IRQHandler                  0x08000277   Thumb Code     0  startup_stm32f407xx.o(.text)
    DMA2_Stream0_IRQHandler                  0x08000277   Thumb Code     0  startup_stm32f407xx.o(.text)
    DMA2_Stream1_IRQHandler                  0x08000277   Thumb Code     0  startup_stm32f407xx.o(.text)
    DMA2_Stream2_IRQHandler                  0x08000277   Thumb Code     0  startup_stm32f407xx.o(.text)
    DMA2_Stream3_IRQHandler                  0x08000277   Thumb Code     0  startup_stm32f407xx.o(.text)
    DMA2_Stream4_IRQHandler                  0x08000277   Thumb Code     0  startup_stm32f407xx.o(.text)
    DMA2_Stream5_IRQHandler                  0x08000277   Thumb Code     0  startup_stm32f407xx.o(.text)
    DMA2_Stream6_IRQHandler                  0x08000277   Thumb Code     0  startup_stm32f407xx.o(.text)
    DMA2_Stream7_IRQHandler                  0x08000277   Thumb Code     0  startup_stm32f407xx.o(.text)
    ETH_IRQHandler                           0x08000277   Thumb Code     0  startup_stm32f407xx.o(.text)
    ETH_WKUP_IRQHandler                      0x08000277   Thumb Code     0  startup_stm32f407xx.o(.text)
    EXTI0_IRQHandler                         0x08000277   Thumb Code     0  startup_stm32f407xx.o(.text)
    EXTI15_10_IRQHandler                     0x08000277   Thumb Code     0  startup_stm32f407xx.o(.text)
    EXTI1_IRQHandler                         0x08000277   Thumb Code     0  startup_stm32f407xx.o(.text)
    EXTI2_IRQHandler                         0x08000277   Thumb Code     0  startup_stm32f407xx.o(.text)
    EXTI3_IRQHandler                         0x08000277   Thumb Code     0  startup_stm32f407xx.o(.text)
    EXTI4_IRQHandler                         0x08000277   Thumb Code     0  startup_stm32f407xx.o(.text)
    EXTI9_5_IRQHandler                       0x08000277   Thumb Code     0  startup_stm32f407xx.o(.text)
    FLASH_IRQHandler                         0x08000277   Thumb Code     0  startup_stm32f407xx.o(.text)
    FMC_IRQHandler                           0x08000277   Thumb Code     0  startup_stm32f407xx.o(.text)
    FPU_IRQHandler                           0x08000277   Thumb Code     0  startup_stm32f407xx.o(.text)
    HASH_RNG_IRQHandler                      0x08000277   Thumb Code     0  startup_stm32f407xx.o(.text)
    I2C1_ER_IRQHandler                       0x08000277   Thumb Code     0  startup_stm32f407xx.o(.text)
    I2C1_EV_IRQHandler                       0x08000277   Thumb Code     0  startup_stm32f407xx.o(.text)
    I2C2_ER_IRQHandler                       0x08000277   Thumb Code     0  startup_stm32f407xx.o(.text)
    I2C2_EV_IRQHandler                       0x08000277   Thumb Code     0  startup_stm32f407xx.o(.text)
    I2C3_ER_IRQHandler                       0x08000277   Thumb Code     0  startup_stm32f407xx.o(.text)
    I2C3_EV_IRQHandler                       0x08000277   Thumb Code     0  startup_stm32f407xx.o(.text)
    OTG_FS_WKUP_IRQHandler                   0x08000277   Thumb Code     0  startup_stm32f407xx.o(.text)
    OTG_HS_EP1_IN_IRQHandler                 0x08000277   Thumb Code     0  startup_stm32f407xx.o(.text)
    OTG_HS_EP1_OUT_IRQHandler                0x08000277   Thumb Code     0  startup_stm32f407xx.o(.text)
    OTG_HS_IRQHandler                        0x08000277   Thumb Code     0  startup_stm32f407xx.o(.text)
    OTG_HS_WKUP_IRQHandler                   0x08000277   Thumb Code     0  startup_stm32f407xx.o(.text)
    PVD_IRQHandler                           0x08000277   Thumb Code     0  startup_stm32f407xx.o(.text)
    RCC_IRQHandler                           0x08000277   Thumb Code     0  startup_stm32f407xx.o(.text)
    RTC_Alarm_IRQHandler                     0x08000277   Thumb Code     0  startup_stm32f407xx.o(.text)
    RTC_WKUP_IRQHandler                      0x08000277   Thumb Code     0  startup_stm32f407xx.o(.text)
    SDIO_IRQHandler                          0x08000277   Thumb Code     0  startup_stm32f407xx.o(.text)
    SPI1_IRQHandler                          0x08000277   Thumb Code     0  startup_stm32f407xx.o(.text)
    SPI2_IRQHandler                          0x08000277   Thumb Code     0  startup_stm32f407xx.o(.text)
    SPI3_IRQHandler                          0x08000277   Thumb Code     0  startup_stm32f407xx.o(.text)
    TAMP_STAMP_IRQHandler                    0x08000277   Thumb Code     0  startup_stm32f407xx.o(.text)
    TIM1_BRK_TIM9_IRQHandler                 0x08000277   Thumb Code     0  startup_stm32f407xx.o(.text)
    TIM1_CC_IRQHandler                       0x08000277   Thumb Code     0  startup_stm32f407xx.o(.text)
    TIM1_TRG_COM_TIM11_IRQHandler            0x08000277   Thumb Code     0  startup_stm32f407xx.o(.text)
    TIM1_UP_TIM10_IRQHandler                 0x08000277   Thumb Code     0  startup_stm32f407xx.o(.text)
    TIM2_IRQHandler                          0x08000277   Thumb Code     0  startup_stm32f407xx.o(.text)
    TIM3_IRQHandler                          0x08000277   Thumb Code     0  startup_stm32f407xx.o(.text)
    TIM4_IRQHandler                          0x08000277   Thumb Code     0  startup_stm32f407xx.o(.text)
    TIM5_IRQHandler                          0x08000277   Thumb Code     0  startup_stm32f407xx.o(.text)
    TIM7_IRQHandler                          0x08000277   Thumb Code     0  startup_stm32f407xx.o(.text)
    TIM8_BRK_TIM12_IRQHandler                0x08000277   Thumb Code     0  startup_stm32f407xx.o(.text)
    TIM8_CC_IRQHandler                       0x08000277   Thumb Code     0  startup_stm32f407xx.o(.text)
    TIM8_TRG_COM_TIM14_IRQHandler            0x08000277   Thumb Code     0  startup_stm32f407xx.o(.text)
    TIM8_UP_TIM13_IRQHandler                 0x08000277   Thumb Code     0  startup_stm32f407xx.o(.text)
    UART4_IRQHandler                         0x08000277   Thumb Code     0  startup_stm32f407xx.o(.text)
    UART5_IRQHandler                         0x08000277   Thumb Code     0  startup_stm32f407xx.o(.text)
    USART1_IRQHandler                        0x08000277   Thumb Code     0  startup_stm32f407xx.o(.text)
    USART2_IRQHandler                        0x08000277   Thumb Code     0  startup_stm32f407xx.o(.text)
    USART3_IRQHandler                        0x08000277   Thumb Code     0  startup_stm32f407xx.o(.text)
    USART6_IRQHandler                        0x08000277   Thumb Code     0  startup_stm32f407xx.o(.text)
    WWDG_IRQHandler                          0x08000277   Thumb Code     0  startup_stm32f407xx.o(.text)
    __aeabi_uldivmod                         0x08000281   Thumb Code    98  uldiv.o(.text)
    __aeabi_memcpy                           0x080002e3   Thumb Code    36  memcpya.o(.text)
    __aeabi_memcpy4                          0x080002e3   Thumb Code     0  memcpya.o(.text)
    __aeabi_memcpy8                          0x080002e3   Thumb Code     0  memcpya.o(.text)
    __aeabi_memset                           0x08000307   Thumb Code    14  memseta.o(.text)
    __aeabi_memset4                          0x08000307   Thumb Code     0  memseta.o(.text)
    __aeabi_memset8                          0x08000307   Thumb Code     0  memseta.o(.text)
    __aeabi_memclr                           0x08000315   Thumb Code     4  memseta.o(.text)
    __aeabi_memclr4                          0x08000315   Thumb Code     0  memseta.o(.text)
    __aeabi_memclr8                          0x08000315   Thumb Code     0  memseta.o(.text)
    memset                                   0x08000319   Thumb Code    18  memseta.o(.text)
    strstr                                   0x0800032b   Thumb Code    36  strstr.o(.text)
    atoi                                     0x0800034f   Thumb Code    26  atoi.o(.text)
    __aeabi_llsl                             0x08000369   Thumb Code    30  llshl.o(.text)
    _ll_shift_l                              0x08000369   Thumb Code     0  llshl.o(.text)
    __aeabi_llsr                             0x08000387   Thumb Code    32  llushr.o(.text)
    _ll_ushift_r                             0x08000387   Thumb Code     0  llushr.o(.text)
    strtol                                   0x080003a7   Thumb Code   112  strtol.o(.text)
    __scatterload                            0x08000419   Thumb Code    28  init.o(.text)
    __scatterload_rt2                        0x08000419   Thumb Code     0  init.o(.text)
    __rt_ctype_table                         0x0800043d   Thumb Code     4  ctype_o.o(.text)
    _strtoul                                 0x08000445   Thumb Code   158  _strtoul.o(.text)
    _chval                                   0x080004e3   Thumb Code    28  _chval.o(.text)
    __decompress                             0x080004ff   Thumb Code     0  __dczerorl2.o(.text)
    __decompress1                            0x080004ff   Thumb Code    86  __dczerorl2.o(.text)
    BusFault_Handler                         0x08000555   Thumb Code     2  stm32f4xx_it.o(i.BusFault_Handler)
    CDC_Transmit_FS                          0x0800059d   Thumb Code    38  usbd_cdc_if.o(i.CDC_Transmit_FS)
    DebugMon_Handler                         0x080005c9   Thumb Code     2  stm32f4xx_it.o(i.DebugMon_Handler)
    Error_Handler                            0x080005cb   Thumb Code     2  main.o(i.Error_Handler)
    HAL_Delay                                0x080005cd   Thumb Code    32  stm32f4xx_hal.o(i.HAL_Delay)
    HAL_GPIO_Init                            0x080005f1   Thumb Code   394  stm32f4xx_hal_gpio.o(i.HAL_GPIO_Init)
    HAL_GPIO_WritePin                        0x080007a9   Thumb Code    10  stm32f4xx_hal_gpio.o(i.HAL_GPIO_WritePin)
    HAL_GetTick                              0x080007b5   Thumb Code     6  stm32f4xx_hal.o(i.HAL_GetTick)
    HAL_IncTick                              0x080007c1   Thumb Code    12  stm32f4xx_hal.o(i.HAL_IncTick)
    HAL_Init                                 0x080007d1   Thumb Code    48  stm32f4xx_hal.o(i.HAL_Init)
    HAL_InitTick                             0x08000805   Thumb Code   100  stm32f4xx_hal_timebase_tim.o(i.HAL_InitTick)
    HAL_MspInit                              0x08000879   Thumb Code    52  stm32f4xx_hal_msp.o(i.HAL_MspInit)
    HAL_NVIC_EnableIRQ                       0x080008b1   Thumb Code    26  stm32f4xx_hal_cortex.o(i.HAL_NVIC_EnableIRQ)
    HAL_NVIC_SetPriority                     0x080008cd   Thumb Code    60  stm32f4xx_hal_cortex.o(i.HAL_NVIC_SetPriority)
    HAL_NVIC_SetPriorityGrouping             0x0800090d   Thumb Code    26  stm32f4xx_hal_cortex.o(i.HAL_NVIC_SetPriorityGrouping)
    HAL_PCDEx_LPM_Callback                   0x08000931   Thumb Code     2  stm32f4xx_hal_pcd_ex.o(i.HAL_PCDEx_LPM_Callback)
    HAL_PCDEx_SetRxFiFo                      0x08000933   Thumb Code     8  stm32f4xx_hal_pcd_ex.o(i.HAL_PCDEx_SetRxFiFo)
    HAL_PCDEx_SetTxFiFo                      0x0800093b   Thumb Code    68  stm32f4xx_hal_pcd_ex.o(i.HAL_PCDEx_SetTxFiFo)
    HAL_PCD_ConnectCallback                  0x0800097f   Thumb Code     8  usbd_conf.o(i.HAL_PCD_ConnectCallback)
    HAL_PCD_DataInStageCallback              0x08000987   Thumb Code    18  usbd_conf.o(i.HAL_PCD_DataInStageCallback)
    HAL_PCD_DataOutStageCallback             0x08000999   Thumb Code    20  usbd_conf.o(i.HAL_PCD_DataOutStageCallback)
    HAL_PCD_DisconnectCallback               0x080009ad   Thumb Code     8  usbd_conf.o(i.HAL_PCD_DisconnectCallback)
    HAL_PCD_EP_Close                         0x080009b5   Thumb Code    76  stm32f4xx_hal_pcd.o(i.HAL_PCD_EP_Close)
    HAL_PCD_EP_ClrStall                      0x08000a01   Thumb Code    92  stm32f4xx_hal_pcd.o(i.HAL_PCD_EP_ClrStall)
    HAL_PCD_EP_GetRxCount                    0x08000a5d   Thumb Code    18  stm32f4xx_hal_pcd.o(i.HAL_PCD_EP_GetRxCount)
    HAL_PCD_EP_Open                          0x08000a6f   Thumb Code    96  stm32f4xx_hal_pcd.o(i.HAL_PCD_EP_Open)
    HAL_PCD_EP_Receive                       0x08000acf   Thumb Code    72  stm32f4xx_hal_pcd.o(i.HAL_PCD_EP_Receive)
    HAL_PCD_EP_SetStall                      0x08000b17   Thumb Code   116  stm32f4xx_hal_pcd.o(i.HAL_PCD_EP_SetStall)
    HAL_PCD_EP_Transmit                      0x08000b8b   Thumb Code    64  stm32f4xx_hal_pcd.o(i.HAL_PCD_EP_Transmit)
    HAL_PCD_IRQHandler                       0x08000bcd   Thumb Code  1114  stm32f4xx_hal_pcd.o(i.HAL_PCD_IRQHandler)
    HAL_PCD_ISOINIncompleteCallback          0x08001031   Thumb Code     8  usbd_conf.o(i.HAL_PCD_ISOINIncompleteCallback)
    HAL_PCD_ISOOUTIncompleteCallback         0x08001039   Thumb Code     8  usbd_conf.o(i.HAL_PCD_ISOOUTIncompleteCallback)
    HAL_PCD_Init                             0x08001041   Thumb Code   226  stm32f4xx_hal_pcd.o(i.HAL_PCD_Init)
    HAL_PCD_MspInit                          0x08001125   Thumb Code   122  usbd_conf.o(i.HAL_PCD_MspInit)
    HAL_PCD_ResetCallback                    0x080011a9   Thumb Code    44  usbd_conf.o(i.HAL_PCD_ResetCallback)
    HAL_PCD_ResumeCallback                   0x080011d5   Thumb Code     8  usbd_conf.o(i.HAL_PCD_ResumeCallback)
    HAL_PCD_SOFCallback                      0x080011dd   Thumb Code     8  usbd_conf.o(i.HAL_PCD_SOFCallback)
    HAL_PCD_SetAddress                       0x080011e5   Thumb Code    40  stm32f4xx_hal_pcd.o(i.HAL_PCD_SetAddress)
    HAL_PCD_SetupStageCallback               0x0800120d   Thumb Code    14  usbd_conf.o(i.HAL_PCD_SetupStageCallback)
    HAL_PCD_Start                            0x0800121b   Thumb Code    66  stm32f4xx_hal_pcd.o(i.HAL_PCD_Start)
    HAL_PCD_SuspendCallback                  0x0800125d   Thumb Code    44  usbd_conf.o(i.HAL_PCD_SuspendCallback)
    HAL_RCC_ClockConfig                      0x0800128d   Thumb Code   288  stm32f4xx_hal_rcc.o(i.HAL_RCC_ClockConfig)
    HAL_RCC_GetClockConfig                   0x080013c1   Thumb Code    54  stm32f4xx_hal_rcc.o(i.HAL_RCC_GetClockConfig)
    HAL_RCC_GetHCLKFreq                      0x08001401   Thumb Code     6  stm32f4xx_hal_rcc.o(i.HAL_RCC_GetHCLKFreq)
    HAL_RCC_GetPCLK1Freq                     0x0800140d   Thumb Code    20  stm32f4xx_hal_rcc.o(i.HAL_RCC_GetPCLK1Freq)
    HAL_RCC_GetSysClockFreq                  0x0800142d   Thumb Code    88  stm32f4xx_hal_rcc.o(i.HAL_RCC_GetSysClockFreq)
    HAL_RCC_OscConfig                        0x0800148d   Thumb Code   834  stm32f4xx_hal_rcc.o(i.HAL_RCC_OscConfig)
    HAL_TIMEx_BreakCallback                  0x080017e9   Thumb Code     2  stm32f4xx_hal_tim_ex.o(i.HAL_TIMEx_BreakCallback)
    HAL_TIMEx_CommutCallback                 0x080017eb   Thumb Code     2  stm32f4xx_hal_tim_ex.o(i.HAL_TIMEx_CommutCallback)
    HAL_TIM_Base_Init                        0x080017ed   Thumb Code    54  stm32f4xx_hal_tim.o(i.HAL_TIM_Base_Init)
    HAL_TIM_Base_MspInit                     0x08001823   Thumb Code     2  stm32f4xx_hal_tim.o(i.HAL_TIM_Base_MspInit)
    HAL_TIM_Base_Start_IT                    0x08001825   Thumb Code    34  stm32f4xx_hal_tim.o(i.HAL_TIM_Base_Start_IT)
    HAL_TIM_IC_CaptureCallback               0x08001847   Thumb Code     2  stm32f4xx_hal_tim.o(i.HAL_TIM_IC_CaptureCallback)
    HAL_TIM_IRQHandler                       0x08001849   Thumb Code   358  stm32f4xx_hal_tim.o(i.HAL_TIM_IRQHandler)
    HAL_TIM_OC_DelayElapsedCallback          0x080019af   Thumb Code     2  stm32f4xx_hal_tim.o(i.HAL_TIM_OC_DelayElapsedCallback)
    HAL_TIM_PWM_PulseFinishedCallback        0x080019b1   Thumb Code     2  stm32f4xx_hal_tim.o(i.HAL_TIM_PWM_PulseFinishedCallback)
    HAL_TIM_PeriodElapsedCallback            0x080019b5   Thumb Code    14  main.o(i.HAL_TIM_PeriodElapsedCallback)
    HAL_TIM_TriggerCallback                  0x080019c9   Thumb Code     2  stm32f4xx_hal_tim.o(i.HAL_TIM_TriggerCallback)
    HardFault_Handler                        0x080019cb   Thumb Code     2  stm32f4xx_it.o(i.HardFault_Handler)
    MX_USB_DEVICE_Init                       0x08001a75   Thumb Code    66  usb_device.o(i.MX_USB_DEVICE_Init)
    MemManage_Handler                        0x08001ac9   Thumb Code     2  stm32f4xx_it.o(i.MemManage_Handler)
    NMI_Handler                              0x08001acb   Thumb Code     2  stm32f4xx_it.o(i.NMI_Handler)
    OTG_FS_IRQHandler                        0x08001acd   Thumb Code     6  stm32f4xx_it.o(i.OTG_FS_IRQHandler)
    Send_UID                                 0x08001c59   Thumb Code    40  app.o(i.Send_UID)
    StartDefaultTask                         0x08001c99   Thumb Code    16  main.o(i.StartDefaultTask)
    StartTask02                              0x08001ca9   Thumb Code   100  main.o(i.StartTask02)
    StartTask03                              0x08001d29   Thumb Code    98  main.o(i.StartTask03)
    SysTick_Handler                          0x08001da9   Thumb Code    38  port.o(i.SysTick_Handler)
    SystemClock_Config                       0x08001dd5   Thumb Code   124  main.o(i.SystemClock_Config)
    SystemInit                               0x08001e59   Thumb Code    22  system_stm32f4xx.o(i.SystemInit)
    TIM6_DAC_IRQHandler                      0x08001e75   Thumb Code     6  stm32f4xx_it.o(i.TIM6_DAC_IRQHandler)
    TIM_Base_SetConfig                       0x08001e81   Thumb Code   156  stm32f4xx_hal_tim.o(i.TIM_Base_SetConfig)
    ToLower                                  0x08001f49   Thumb Code    32  app.o(i.ToLower)
    USBD_CDC_GetDeviceQualifierDescriptor    0x0800204d   Thumb Code     8  usbd_cdc.o(i.USBD_CDC_GetDeviceQualifierDescriptor)
    USBD_CDC_ReceivePacket                   0x08002111   Thumb Code    40  usbd_cdc.o(i.USBD_CDC_ReceivePacket)
    USBD_CDC_RegisterInterface               0x08002139   Thumb Code    16  usbd_cdc.o(i.USBD_CDC_RegisterInterface)
    USBD_CDC_SetRxBuffer                     0x08002149   Thumb Code    12  usbd_cdc.o(i.USBD_CDC_SetRxBuffer)
    USBD_CDC_SetTxBuffer                     0x08002155   Thumb Code    16  usbd_cdc.o(i.USBD_CDC_SetTxBuffer)
    USBD_CDC_TransmitPacket                  0x08002211   Thumb Code    54  usbd_cdc.o(i.USBD_CDC_TransmitPacket)
    USBD_ClrClassConfig                      0x08002247   Thumb Code    14  usbd_core.o(i.USBD_ClrClassConfig)
    USBD_CtlContinueRx                       0x08002255   Thumb Code    16  usbd_ioreq.o(i.USBD_CtlContinueRx)
    USBD_CtlContinueSendData                 0x08002265   Thumb Code    16  usbd_ioreq.o(i.USBD_CtlContinueSendData)
    USBD_CtlError                            0x08002275   Thumb Code    22  usbd_ctlreq.o(i.USBD_CtlError)
    USBD_CtlPrepareRx                        0x0800228b   Thumb Code    30  usbd_ioreq.o(i.USBD_CtlPrepareRx)
    USBD_CtlReceiveStatus                    0x080022a9   Thumb Code    22  usbd_ioreq.o(i.USBD_CtlReceiveStatus)
    USBD_CtlSendData                         0x080022bf   Thumb Code    26  usbd_ioreq.o(i.USBD_CtlSendData)
    USBD_CtlSendStatus                       0x080022d9   Thumb Code    22  usbd_ioreq.o(i.USBD_CtlSendStatus)
    USBD_FS_ConfigStrDescriptor              0x080022f1   Thumb Code    16  usbd_desc.o(i.USBD_FS_ConfigStrDescriptor)
    USBD_FS_DeviceDescriptor                 0x08002311   Thumb Code     8  usbd_desc.o(i.USBD_FS_DeviceDescriptor)
    USBD_FS_InterfaceStrDescriptor           0x0800231d   Thumb Code    16  usbd_desc.o(i.USBD_FS_InterfaceStrDescriptor)
    USBD_FS_LangIDStrDescriptor              0x08002341   Thumb Code     8  usbd_desc.o(i.USBD_FS_LangIDStrDescriptor)
    USBD_FS_ManufacturerStrDescriptor        0x0800234d   Thumb Code    16  usbd_desc.o(i.USBD_FS_ManufacturerStrDescriptor)
    USBD_FS_ProductStrDescriptor             0x08002375   Thumb Code    16  usbd_desc.o(i.USBD_FS_ProductStrDescriptor)
    USBD_FS_SerialStrDescriptor              0x080023a1   Thumb Code    48  usbd_desc.o(i.USBD_FS_SerialStrDescriptor)
    USBD_GetString                           0x080024c1   Thumb Code    72  usbd_ctlreq.o(i.USBD_GetString)
    USBD_Get_USB_Status                      0x08002509   Thumb Code    24  usbd_conf.o(i.USBD_Get_USB_Status)
    USBD_Init                                0x08002521   Thumb Code    42  usbd_core.o(i.USBD_Init)
    USBD_LL_ClearStallEP                     0x0800254b   Thumb Code    18  usbd_conf.o(i.USBD_LL_ClearStallEP)
    USBD_LL_CloseEP                          0x0800255d   Thumb Code    18  usbd_conf.o(i.USBD_LL_CloseEP)
    USBD_LL_DataInStage                      0x0800256f   Thumb Code   198  usbd_core.o(i.USBD_LL_DataInStage)
    USBD_LL_DataOutStage                     0x08002635   Thumb Code   130  usbd_core.o(i.USBD_LL_DataOutStage)
    USBD_LL_DevConnected                     0x080026b7   Thumb Code     4  usbd_core.o(i.USBD_LL_DevConnected)
    USBD_LL_DevDisconnected                  0x080026bb   Thumb Code    22  usbd_core.o(i.USBD_LL_DevDisconnected)
    USBD_LL_GetRxDataSize                    0x080026d1   Thumb Code     8  usbd_conf.o(i.USBD_LL_GetRxDataSize)
    USBD_LL_Init                             0x080026d9   Thumb Code    90  usbd_conf.o(i.USBD_LL_Init)
    USBD_LL_IsStallEP                        0x08002739   Thumb Code    32  usbd_conf.o(i.USBD_LL_IsStallEP)
    USBD_LL_IsoINIncomplete                  0x08002759   Thumb Code     4  usbd_core.o(i.USBD_LL_IsoINIncomplete)
    USBD_LL_IsoOUTIncomplete                 0x0800275d   Thumb Code     4  usbd_core.o(i.USBD_LL_IsoOUTIncomplete)
    USBD_LL_OpenEP                           0x08002761   Thumb Code    24  usbd_conf.o(i.USBD_LL_OpenEP)
    USBD_LL_PrepareReceive                   0x08002779   Thumb Code    18  usbd_conf.o(i.USBD_LL_PrepareReceive)
    USBD_LL_Reset                            0x0800278b   Thumb Code    80  usbd_core.o(i.USBD_LL_Reset)
    USBD_LL_Resume                           0x080027db   Thumb Code    12  usbd_core.o(i.USBD_LL_Resume)
    USBD_LL_SOF                              0x080027e7   Thumb Code    24  usbd_core.o(i.USBD_LL_SOF)
    USBD_LL_SetSpeed                         0x080027ff   Thumb Code     6  usbd_core.o(i.USBD_LL_SetSpeed)
    USBD_LL_SetUSBAddress                    0x08002805   Thumb Code    18  usbd_conf.o(i.USBD_LL_SetUSBAddress)
    USBD_LL_SetupStage                       0x08002817   Thumb Code    90  usbd_core.o(i.USBD_LL_SetupStage)
    USBD_LL_StallEP                          0x08002871   Thumb Code    18  usbd_conf.o(i.USBD_LL_StallEP)
    USBD_LL_Start                            0x08002883   Thumb Code    18  usbd_conf.o(i.USBD_LL_Start)
    USBD_LL_Suspend                          0x08002895   Thumb Code    18  usbd_core.o(i.USBD_LL_Suspend)
    USBD_LL_Transmit                         0x080028a7   Thumb Code    18  usbd_conf.o(i.USBD_LL_Transmit)
    USBD_ParseSetupRequest                   0x080028b9   Thumb Code    40  usbd_ctlreq.o(i.USBD_ParseSetupRequest)
    USBD_RegisterClass                       0x080028e1   Thumb Code    16  usbd_core.o(i.USBD_RegisterClass)
    USBD_SetClassConfig                      0x080028f1   Thumb Code    22  usbd_core.o(i.USBD_SetClassConfig)
    USBD_Start                               0x0800298d   Thumb Code    10  usbd_core.o(i.USBD_Start)
    USBD_StdDevReq                           0x08002997   Thumb Code   274  usbd_ctlreq.o(i.USBD_StdDevReq)
    USBD_StdEPReq                            0x08002aa9   Thumb Code   336  usbd_ctlreq.o(i.USBD_StdEPReq)
    USBD_StdItfReq                           0x08002bf9   Thumb Code    78  usbd_ctlreq.o(i.USBD_StdItfReq)
    USB_ActivateEndpoint                     0x08002c49   Thumb Code   122  stm32f4xx_ll_usb.o(i.USB_ActivateEndpoint)
    USB_ActivateSetup                        0x08002cc9   Thumb Code    52  stm32f4xx_ll_usb.o(i.USB_ActivateSetup)
    USB_CoreInit                             0x08002cfd   Thumb Code   112  stm32f4xx_ll_usb.o(i.USB_CoreInit)
    USB_DeactivateEndpoint                   0x08002da9   Thumb Code   118  stm32f4xx_ll_usb.o(i.USB_DeactivateEndpoint)
    USB_DevConnect                           0x08002e29   Thumb Code    24  stm32f4xx_ll_usb.o(i.USB_DevConnect)
    USB_DevDisconnect                        0x08002e41   Thumb Code    24  stm32f4xx_ll_usb.o(i.USB_DevDisconnect)
    USB_DevInit                              0x08002e59   Thumb Code   378  stm32f4xx_ll_usb.o(i.USB_DevInit)
    USB_DisableGlobalInt                     0x08002fe5   Thumb Code    12  stm32f4xx_ll_usb.o(i.USB_DisableGlobalInt)
    USB_EP0StartXfer                         0x08002ff1   Thumb Code   276  stm32f4xx_ll_usb.o(i.USB_EP0StartXfer)
    USB_EP0_OutStart                         0x08003109   Thumb Code    84  stm32f4xx_ll_usb.o(i.USB_EP0_OutStart)
    USB_EPClearStall                         0x08003161   Thumb Code    88  stm32f4xx_ll_usb.o(i.USB_EPClearStall)
    USB_EPSetStall                           0x080031b9   Thumb Code    88  stm32f4xx_ll_usb.o(i.USB_EPSetStall)
    USB_EPStartXfer                          0x08003211   Thumb Code   482  stm32f4xx_ll_usb.o(i.USB_EPStartXfer)
    USB_EnableGlobalInt                      0x080033f9   Thumb Code    12  stm32f4xx_ll_usb.o(i.USB_EnableGlobalInt)
    USB_FlushRxFifo                          0x08003405   Thumb Code    28  stm32f4xx_ll_usb.o(i.USB_FlushRxFifo)
    USB_FlushTxFifo                          0x08003425   Thumb Code    32  stm32f4xx_ll_usb.o(i.USB_FlushTxFifo)
    USB_GetDevSpeed                          0x08003449   Thumb Code    26  stm32f4xx_ll_usb.o(i.USB_GetDevSpeed)
    USB_GetMode                              0x08003463   Thumb Code     8  stm32f4xx_ll_usb.o(i.USB_GetMode)
    USB_ReadDevAllInEpInterrupt              0x0800346b   Thumb Code    14  stm32f4xx_ll_usb.o(i.USB_ReadDevAllInEpInterrupt)
    USB_ReadDevAllOutEpInterrupt             0x08003479   Thumb Code    14  stm32f4xx_ll_usb.o(i.USB_ReadDevAllOutEpInterrupt)
    USB_ReadDevInEPInterrupt                 0x08003487   Thumb Code    36  stm32f4xx_ll_usb.o(i.USB_ReadDevInEPInterrupt)
    USB_ReadDevOutEPInterrupt                0x080034ab   Thumb Code    16  stm32f4xx_ll_usb.o(i.USB_ReadDevOutEPInterrupt)
    USB_ReadInterrupts                       0x080034bb   Thumb Code     8  stm32f4xx_ll_usb.o(i.USB_ReadInterrupts)
    USB_ReadPacket                           0x080034c3   Thumb Code    28  stm32f4xx_ll_usb.o(i.USB_ReadPacket)
    USB_SetCurrentMode                       0x080034df   Thumb Code    46  stm32f4xx_ll_usb.o(i.USB_SetCurrentMode)
    USB_SetDevAddress                        0x0800350d   Thumb Code    34  stm32f4xx_ll_usb.o(i.USB_SetDevAddress)
    USB_SetTurnaroundTime                    0x08003531   Thumb Code   158  stm32f4xx_ll_usb.o(i.USB_SetTurnaroundTime)
    USB_WritePacket                          0x08003619   Thumb Code    36  stm32f4xx_ll_usb.o(i.USB_WritePacket)
    UsageFault_Handler                       0x0800363d   Thumb Code     2  stm32f4xx_it.o(i.UsageFault_Handler)
    __0sprintf$8                             0x08003641   Thumb Code    34  printf8.o(i.__0sprintf$8)
    __1sprintf$8                             0x08003641   Thumb Code     0  printf8.o(i.__0sprintf$8)
    __2sprintf                               0x08003641   Thumb Code     0  printf8.o(i.__0sprintf$8)
    __aeabi_errno_addr                       0x08003689   Thumb Code     4  errno.o(i.__aeabi_errno_addr)
    __rt_errno_addr                          0x08003689   Thumb Code     0  errno.o(i.__aeabi_errno_addr)
    __scatterload_copy                       0x08003691   Thumb Code    14  handlers.o(i.__scatterload_copy)
    __scatterload_null                       0x0800369f   Thumb Code     2  handlers.o(i.__scatterload_null)
    __scatterload_zeroinit                   0x080036a1   Thumb Code    14  handlers.o(i.__scatterload_zeroinit)
    free                                     0x08003b1d   Thumb Code    76  malloc.o(i.free)
    main                                     0x08003b6d   Thumb Code    68  main.o(i.main)
    malloc                                   0x08003bc5   Thumb Code    92  malloc.o(i.malloc)
    osDelay                                  0x08003c31   Thumb Code    46  cmsis_os2.o(i.osDelay)
    osKernelInitialize                       0x08003c65   Thumb Code    50  cmsis_os2.o(i.osKernelInitialize)
    osKernelStart                            0x08003c9d   Thumb Code    58  cmsis_os2.o(i.osKernelStart)
    osThreadNew                              0x08003cdd   Thumb Code   160  cmsis_os2.o(i.osThreadNew)
    pvPortMalloc                             0x080044c5   Thumb Code   210  heap_4.o(i.pvPortMalloc)
    pxPortInitialiseStack                    0x0800459d   Thumb Code    40  port.o(i.pxPortInitialiseStack)
    uxListRemove                             0x080045c9   Thumb Code    38  list.o(i.uxListRemove)
    vApplicationGetIdleTaskMemory            0x080045f1   Thumb Code    16  cmsis_os2.o(i.vApplicationGetIdleTaskMemory)
    vApplicationGetTimerTaskMemory           0x08004605   Thumb Code    18  cmsis_os2.o(i.vApplicationGetTimerTaskMemory)
    vListInitialise                          0x0800461d   Thumb Code    22  list.o(i.vListInitialise)
    vListInitialiseItem                      0x08004633   Thumb Code     6  list.o(i.vListInitialiseItem)
    vListInsert                              0x08004639   Thumb Code    48  list.o(i.vListInsert)
    vListInsertEnd                           0x08004669   Thumb Code    24  list.o(i.vListInsertEnd)
    vPortEnterCritical                       0x08004681   Thumb Code    54  port.o(i.vPortEnterCritical)
    vPortExitCritical                        0x080046c1   Thumb Code    34  port.o(i.vPortExitCritical)
    vPortFree                                0x080046e9   Thumb Code    88  heap_4.o(i.vPortFree)
    vPortSetupTimerInterrupt                 0x08004745   Thumb Code    32  port.o(i.vPortSetupTimerInterrupt)
    vPortValidateInterruptPriority           0x08004769   Thumb Code    74  port.o(i.vPortValidateInterruptPriority)
    vQueueAddToRegistry                      0x080047bd   Thumb Code    34  queue.o(i.vQueueAddToRegistry)
    vQueueWaitForMessageRestricted           0x080047e5   Thumb Code    68  queue.o(i.vQueueWaitForMessageRestricted)
    vTaskDelay                               0x08004829   Thumb Code    66  tasks.o(i.vTaskDelay)
    vTaskInternalSetTimeOutState             0x08004875   Thumb Code    12  tasks.o(i.vTaskInternalSetTimeOutState)
    vTaskMissedYield                         0x08004885   Thumb Code     8  tasks.o(i.vTaskMissedYield)
    vTaskPlaceOnEventList                    0x08004891   Thumb Code    44  tasks.o(i.vTaskPlaceOnEventList)
    vTaskPlaceOnEventListRestricted          0x080048c1   Thumb Code    52  tasks.o(i.vTaskPlaceOnEventListRestricted)
    vTaskStartScheduler                      0x080048f9   Thumb Code   118  tasks.o(i.vTaskStartScheduler)
    vTaskSuspendAll                          0x08004981   Thumb Code    10  tasks.o(i.vTaskSuspendAll)
    vTaskSwitchContext                       0x08004991   Thumb Code    90  tasks.o(i.vTaskSwitchContext)
    xPortStartScheduler                      0x080049f5   Thumb Code   222  port.o(i.xPortStartScheduler)
    xQueueGenericCreateStatic                0x08004ae9   Thumb Code   102  queue.o(i.xQueueGenericCreateStatic)
    xQueueGenericReset                       0x08004b51   Thumb Code   132  queue.o(i.xQueueGenericReset)
    xQueueGenericSend                        0x08004bd9   Thumb Code   346  queue.o(i.xQueueGenericSend)
    xQueueGenericSendFromISR                 0x08004d39   Thumb Code   188  queue.o(i.xQueueGenericSendFromISR)
    xQueueReceive                            0x08004df5   Thumb Code   308  queue.o(i.xQueueReceive)
    xTaskCheckForTimeOut                     0x08004f2d   Thumb Code   112  tasks.o(i.xTaskCheckForTimeOut)
    xTaskCreate                              0x08004fa1   Thumb Code    90  tasks.o(i.xTaskCreate)
    xTaskCreateStatic                        0x08004ffb   Thumb Code    86  tasks.o(i.xTaskCreateStatic)
    xTaskGetSchedulerState                   0x08005051   Thumb Code    22  tasks.o(i.xTaskGetSchedulerState)
    xTaskGetTickCount                        0x0800506d   Thumb Code     6  tasks.o(i.xTaskGetTickCount)
    xTaskIncrementTick                       0x08005079   Thumb Code   190  tasks.o(i.xTaskIncrementTick)
    xTaskPriorityDisinherit                  0x08005141   Thumb Code   118  tasks.o(i.xTaskPriorityDisinherit)
    xTaskRemoveFromEventList                 0x080051c1   Thumb Code    98  tasks.o(i.xTaskRemoveFromEventList)
    xTaskResumeAll                           0x08005231   Thumb Code   182  tasks.o(i.xTaskResumeAll)
    xTimerCreateTimerTask                    0x080052f5   Thumb Code    78  timers.o(i.xTimerCreateTimerTask)
    xTimerGenericCommand                     0x08005355   Thumb Code    98  timers.o(i.xTimerGenericCommand)
    defaultTask_attributes                   0x080053bc   Data          36  main.o(.constdata)
    Task1_attributes                         0x080053e0   Data          36  main.o(.constdata)
    Task2_attributes                         0x08005404   Data          36  main.o(.constdata)
    AHBPrescTable                            0x08005428   Data          16  system_stm32f4xx.o(.constdata)
    APBPrescTable                            0x08005438   Data           8  system_stm32f4xx.o(.constdata)
    __ctype_table                            0x08005440   Data         129  ctype_o.o(.constdata)
    Region$$Table$$Base                      0x080054e4   Number         0  anon$$obj.o(Region$$Table)
    Region$$Table$$Limit                     0x08005504   Number         0  anon$$obj.o(Region$$Table)
    TaskFlag                                 0x20000000   Data           2  main.o(.data)
    ledOnTime                                0x20000002   Data           2  main.o(.data)
    ledOffTime                               0x20000004   Data           2  main.o(.data)
    defaultTaskHandle                        0x20000008   Data           4  main.o(.data)
    Task1Handle                              0x2000000c   Data           4  main.o(.data)
    Task2Handle                              0x20000010   Data           4  main.o(.data)
    FS_Desc                                  0x20000014   Data          28  usbd_desc.o(.data)
    USBD_LangIDDesc                          0x20000030   Data           4  usbd_desc.o(.data)
    USBD_FS_DeviceDesc                       0x20000034   Data          18  usbd_desc.o(.data)
    USBD_StringSerial                        0x20000048   Data          26  usbd_desc.o(.data)
    USBD_Interface_fops_FS                   0x20000064   Data          16  usbd_cdc_if.o(.data)
    uwTickFreq                               0x20000074   Data           1  stm32f4xx_hal.o(.data)
    uwTickPrio                               0x20000078   Data           4  stm32f4xx_hal.o(.data)
    uwTick                                   0x2000007c   Data           4  stm32f4xx_hal.o(.data)
    SystemCoreClock                          0x20000080   Data           4  system_stm32f4xx.o(.data)
    pxCurrentTCB                             0x20000084   Data           4  tasks.o(.data)
    USBD_CDC_CfgHSDesc                       0x2000010c   Data          67  usbd_cdc.o(.data)
    USBD_CDC_CfgFSDesc                       0x20000150   Data          67  usbd_cdc.o(.data)
    USBD_CDC_OtherSpeedCfgDesc               0x20000194   Data          67  usbd_cdc.o(.data)
    USBD_CDC                                 0x200001d8   Data          56  usbd_cdc.o(.data)
    __microlib_freelist                      0x20000210   Data           4  mvars.o(.data)
    __microlib_freelist_initialised          0x20000214   Data           4  mvars.o(.data)
    hUsbDeviceFS                             0x2000021c   Data         668  usb_device.o(.bss)
    hpcd_USB_OTG_FS                          0x200004b8   Data        1032  usbd_conf.o(.bss)
    USBD_StrDesc                             0x200008c0   Data         512  usbd_desc.o(.bss)
    UserRxBufferFS                           0x20000ac0   Data        2048  usbd_cdc_if.o(.bss)
    UserTxBufferFS                           0x200012c0   Data        2048  usbd_cdc_if.o(.bss)
    htim6                                    0x20001ac0   Data          64  stm32f4xx_hal_timebase_tim.o(.bss)
    uniqueBuf                                0x20001b00   Data          64  app.o(.bss)
    unique                                   0x20001b40   Data          12  app.o(.bss)
    xQueueRegistry                           0x20001b4c   Data          64  queue.o(.bss)
    __heap_base                              0x20006420   Data           0  startup_stm32f407xx.o(HEAP)
    __heap_limit                             0x20006620   Data           0  startup_stm32f407xx.o(HEAP)
    __initial_sp                             0x20006a20   Data           0  startup_stm32f407xx.o(STACK)



==============================================================================

Memory Map of the image

  Image Entry point : 0x08000189

  Load Region LR_IROM1 (Base: 0x08000000, Size: 0x00005720, Max: 0x00100000, ABSOLUTE, COMPRESSED[0x000055cc])

    Execution Region ER_IROM1 (Exec base: 0x08000000, Load base: 0x08000000, Size: 0x00005504, Max: 0x00100000, ABSOLUTE)

    Exec Addr    Load Addr    Size         Type   Attr      Idx    E Section Name        Object

    0x08000000   0x08000000   0x00000188   Data   RO            3    RESET               startup_stm32f407xx.o
    0x08000188   0x08000188   0x00000000   Code   RO         5466  * .ARM.Collect$$$$00000000  mc_w.l(entry.o)
    0x08000188   0x08000188   0x00000004   Code   RO         5772    .ARM.Collect$$$$00000001  mc_w.l(entry2.o)
    0x0800018c   0x0800018c   0x00000004   Code   RO         5775    .ARM.Collect$$$$00000004  mc_w.l(entry5.o)
    0x08000190   0x08000190   0x00000000   Code   RO         5777    .ARM.Collect$$$$00000008  mc_w.l(entry7b.o)
    0x08000190   0x08000190   0x00000000   Code   RO         5779    .ARM.Collect$$$$0000000A  mc_w.l(entry8b.o)
    0x08000190   0x08000190   0x00000008   Code   RO         5780    .ARM.Collect$$$$0000000B  mc_w.l(entry9a.o)
    0x08000198   0x08000198   0x00000000   Code   RO         5782    .ARM.Collect$$$$0000000D  mc_w.l(entry10a.o)
    0x08000198   0x08000198   0x00000000   Code   RO         5784    .ARM.Collect$$$$0000000F  mc_w.l(entry11a.o)
    0x08000198   0x08000198   0x00000004   Code   RO         5773    .ARM.Collect$$$$00002712  mc_w.l(entry2.o)
    0x0800019c   0x0800019c   0x000000be   Code   RO         5020    .emb_text           port.o
    0x0800025a   0x0800025a   0x00000002   PAD
    0x0800025c   0x0800025c   0x00000024   Code   RO            4    .text               startup_stm32f407xx.o
    0x08000280   0x08000280   0x00000062   Code   RO         5469    .text               mc_w.l(uldiv.o)
    0x080002e2   0x080002e2   0x00000024   Code   RO         5471    .text               mc_w.l(memcpya.o)
    0x08000306   0x08000306   0x00000024   Code   RO         5475    .text               mc_w.l(memseta.o)
    0x0800032a   0x0800032a   0x00000024   Code   RO         5477    .text               mc_w.l(strstr.o)
    0x0800034e   0x0800034e   0x0000001a   Code   RO         5770    .text               mc_w.l(atoi.o)
    0x08000368   0x08000368   0x0000001e   Code   RO         5791    .text               mc_w.l(llshl.o)
    0x08000386   0x08000386   0x00000020   Code   RO         5793    .text               mc_w.l(llushr.o)
    0x080003a6   0x080003a6   0x00000070   Code   RO         5804    .text               mc_w.l(strtol.o)
    0x08000416   0x08000416   0x00000002   PAD
    0x08000418   0x08000418   0x00000024   Code   RO         5817    .text               mc_w.l(init.o)
    0x0800043c   0x0800043c   0x00000008   Code   RO         5822    .text               mc_w.l(ctype_o.o)
    0x08000444   0x08000444   0x0000009e   Code   RO         5850    .text               mc_w.l(_strtoul.o)
    0x080004e2   0x080004e2   0x0000001c   Code   RO         5855    .text               mc_w.l(_chval.o)
    0x080004fe   0x080004fe   0x00000056   Code   RO         5865    .text               mc_w.l(__dczerorl2.o)
    0x08000554   0x08000554   0x00000002   Code   RO          651    i.BusFault_Handler  stm32f4xx_it.o
    0x08000556   0x08000556   0x00000004   Code   RO          599    i.CDC_Control_FS    usbd_cdc_if.o
    0x0800055a   0x0800055a   0x00000004   Code   RO          600    i.CDC_DeInit_FS     usbd_cdc_if.o
    0x0800055e   0x0800055e   0x00000002   PAD
    0x08000560   0x08000560   0x00000024   Code   RO          601    i.CDC_Init_FS       usbd_cdc_if.o
    0x08000584   0x08000584   0x00000018   Code   RO          602    i.CDC_Receive_FS    usbd_cdc_if.o
    0x0800059c   0x0800059c   0x0000002c   Code   RO          603    i.CDC_Transmit_FS   usbd_cdc_if.o
    0x080005c8   0x080005c8   0x00000002   Code   RO          652    i.DebugMon_Handler  stm32f4xx_it.o
    0x080005ca   0x080005ca   0x00000002   Code   RO           13    i.Error_Handler     main.o
    0x080005cc   0x080005cc   0x00000024   Code   RO         2264    i.HAL_Delay         stm32f4xx_hal.o
    0x080005f0   0x080005f0   0x000001b8   Code   RO         1738    i.HAL_GPIO_Init     stm32f4xx_hal_gpio.o
    0x080007a8   0x080007a8   0x0000000a   Code   RO         1742    i.HAL_GPIO_WritePin  stm32f4xx_hal_gpio.o
    0x080007b2   0x080007b2   0x00000002   PAD
    0x080007b4   0x080007b4   0x0000000c   Code   RO         2270    i.HAL_GetTick       stm32f4xx_hal.o
    0x080007c0   0x080007c0   0x00000010   Code   RO         2276    i.HAL_IncTick       stm32f4xx_hal.o
    0x080007d0   0x080007d0   0x00000034   Code   RO         2277    i.HAL_Init          stm32f4xx_hal.o
    0x08000804   0x08000804   0x00000074   Code   RO          745    i.HAL_InitTick      stm32f4xx_hal_timebase_tim.o
    0x08000878   0x08000878   0x00000038   Code   RO          721    i.HAL_MspInit       stm32f4xx_hal_msp.o
    0x080008b0   0x080008b0   0x0000001a   Code   RO         2127    i.HAL_NVIC_EnableIRQ  stm32f4xx_hal_cortex.o
    0x080008ca   0x080008ca   0x00000002   PAD
    0x080008cc   0x080008cc   0x00000040   Code   RO         2133    i.HAL_NVIC_SetPriority  stm32f4xx_hal_cortex.o
    0x0800090c   0x0800090c   0x00000024   Code   RO         2134    i.HAL_NVIC_SetPriorityGrouping  stm32f4xx_hal_cortex.o
    0x08000930   0x08000930   0x00000002   Code   RO         1042    i.HAL_PCDEx_LPM_Callback  stm32f4xx_hal_pcd_ex.o
    0x08000932   0x08000932   0x00000008   Code   RO         1043    i.HAL_PCDEx_SetRxFiFo  stm32f4xx_hal_pcd_ex.o
    0x0800093a   0x0800093a   0x00000044   Code   RO         1044    i.HAL_PCDEx_SetTxFiFo  stm32f4xx_hal_pcd_ex.o
    0x0800097e   0x0800097e   0x00000008   Code   RO          318    i.HAL_PCD_ConnectCallback  usbd_conf.o
    0x08000986   0x08000986   0x00000012   Code   RO          319    i.HAL_PCD_DataInStageCallback  usbd_conf.o
    0x08000998   0x08000998   0x00000014   Code   RO          320    i.HAL_PCD_DataOutStageCallback  usbd_conf.o
    0x080009ac   0x080009ac   0x00000008   Code   RO          321    i.HAL_PCD_DisconnectCallback  usbd_conf.o
    0x080009b4   0x080009b4   0x0000004c   Code   RO          830    i.HAL_PCD_EP_Close  stm32f4xx_hal_pcd.o
    0x08000a00   0x08000a00   0x0000005c   Code   RO          831    i.HAL_PCD_EP_ClrStall  stm32f4xx_hal_pcd.o
    0x08000a5c   0x08000a5c   0x00000012   Code   RO          833    i.HAL_PCD_EP_GetRxCount  stm32f4xx_hal_pcd.o
    0x08000a6e   0x08000a6e   0x00000060   Code   RO          834    i.HAL_PCD_EP_Open   stm32f4xx_hal_pcd.o
    0x08000ace   0x08000ace   0x00000048   Code   RO          835    i.HAL_PCD_EP_Receive  stm32f4xx_hal_pcd.o
    0x08000b16   0x08000b16   0x00000074   Code   RO          836    i.HAL_PCD_EP_SetStall  stm32f4xx_hal_pcd.o
    0x08000b8a   0x08000b8a   0x00000040   Code   RO          837    i.HAL_PCD_EP_Transmit  stm32f4xx_hal_pcd.o
    0x08000bca   0x08000bca   0x00000002   PAD
    0x08000bcc   0x08000bcc   0x00000464   Code   RO          839    i.HAL_PCD_IRQHandler  stm32f4xx_hal_pcd.o
    0x08001030   0x08001030   0x00000008   Code   RO          322    i.HAL_PCD_ISOINIncompleteCallback  usbd_conf.o
    0x08001038   0x08001038   0x00000008   Code   RO          323    i.HAL_PCD_ISOOUTIncompleteCallback  usbd_conf.o
    0x08001040   0x08001040   0x000000e2   Code   RO          842    i.HAL_PCD_Init      stm32f4xx_hal_pcd.o
    0x08001122   0x08001122   0x00000002   PAD
    0x08001124   0x08001124   0x00000084   Code   RO          325    i.HAL_PCD_MspInit   usbd_conf.o
    0x080011a8   0x080011a8   0x0000002c   Code   RO          326    i.HAL_PCD_ResetCallback  usbd_conf.o
    0x080011d4   0x080011d4   0x00000008   Code   RO          327    i.HAL_PCD_ResumeCallback  usbd_conf.o
    0x080011dc   0x080011dc   0x00000008   Code   RO          328    i.HAL_PCD_SOFCallback  usbd_conf.o
    0x080011e4   0x080011e4   0x00000028   Code   RO          848    i.HAL_PCD_SetAddress  stm32f4xx_hal_pcd.o
    0x0800120c   0x0800120c   0x0000000e   Code   RO          329    i.HAL_PCD_SetupStageCallback  usbd_conf.o
    0x0800121a   0x0800121a   0x00000042   Code   RO          850    i.HAL_PCD_Start     stm32f4xx_hal_pcd.o
    0x0800125c   0x0800125c   0x00000030   Code   RO          330    i.HAL_PCD_SuspendCallback  usbd_conf.o
    0x0800128c   0x0800128c   0x00000134   Code   RO         1384    i.HAL_RCC_ClockConfig  stm32f4xx_hal_rcc.o
    0x080013c0   0x080013c0   0x00000040   Code   RO         1388    i.HAL_RCC_GetClockConfig  stm32f4xx_hal_rcc.o
    0x08001400   0x08001400   0x0000000c   Code   RO         1389    i.HAL_RCC_GetHCLKFreq  stm32f4xx_hal_rcc.o
    0x0800140c   0x0800140c   0x00000020   Code   RO         1391    i.HAL_RCC_GetPCLK1Freq  stm32f4xx_hal_rcc.o
    0x0800142c   0x0800142c   0x00000060   Code   RO         1393    i.HAL_RCC_GetSysClockFreq  stm32f4xx_hal_rcc.o
    0x0800148c   0x0800148c   0x0000035c   Code   RO         1396    i.HAL_RCC_OscConfig  stm32f4xx_hal_rcc.o
    0x080017e8   0x080017e8   0x00000002   Code   RO         3192    i.HAL_TIMEx_BreakCallback  stm32f4xx_hal_tim_ex.o
    0x080017ea   0x080017ea   0x00000002   Code   RO         3193    i.HAL_TIMEx_CommutCallback  stm32f4xx_hal_tim_ex.o
    0x080017ec   0x080017ec   0x00000036   Code   RO         2517    i.HAL_TIM_Base_Init  stm32f4xx_hal_tim.o
    0x08001822   0x08001822   0x00000002   Code   RO         2519    i.HAL_TIM_Base_MspInit  stm32f4xx_hal_tim.o
    0x08001824   0x08001824   0x00000022   Code   RO         2522    i.HAL_TIM_Base_Start_IT  stm32f4xx_hal_tim.o
    0x08001846   0x08001846   0x00000002   Code   RO         2546    i.HAL_TIM_IC_CaptureCallback  stm32f4xx_hal_tim.o
    0x08001848   0x08001848   0x00000166   Code   RO         2560    i.HAL_TIM_IRQHandler  stm32f4xx_hal_tim.o
    0x080019ae   0x080019ae   0x00000002   Code   RO         2563    i.HAL_TIM_OC_DelayElapsedCallback  stm32f4xx_hal_tim.o
    0x080019b0   0x080019b0   0x00000002   Code   RO         2590    i.HAL_TIM_PWM_PulseFinishedCallback  stm32f4xx_hal_tim.o
    0x080019b2   0x080019b2   0x00000002   PAD
    0x080019b4   0x080019b4   0x00000014   Code   RO           14    i.HAL_TIM_PeriodElapsedCallback  main.o
    0x080019c8   0x080019c8   0x00000002   Code   RO         2603    i.HAL_TIM_TriggerCallback  stm32f4xx_hal_tim.o
    0x080019ca   0x080019ca   0x00000002   Code   RO          653    i.HardFault_Handler  stm32f4xx_it.o
    0x080019cc   0x080019cc   0x00000038   Code   RO          513    i.IntToUnicode      usbd_desc.o
    0x08001a04   0x08001a04   0x00000070   Code   RO           15    i.MX_GPIO_Init      main.o
    0x08001a74   0x08001a74   0x00000054   Code   RO          270    i.MX_USB_DEVICE_Init  usb_device.o
    0x08001ac8   0x08001ac8   0x00000002   Code   RO          654    i.MemManage_Handler  stm32f4xx_it.o
    0x08001aca   0x08001aca   0x00000002   Code   RO          655    i.NMI_Handler       stm32f4xx_it.o
    0x08001acc   0x08001acc   0x0000000c   Code   RO          656    i.OTG_FS_IRQHandler  stm32f4xx_it.o
    0x08001ad8   0x08001ad8   0x000000dc   Code   RO          853    i.PCD_EP_OutXfrComplete_int  stm32f4xx_hal_pcd.o
    0x08001bb4   0x08001bb4   0x000000a2   Code   RO          854    i.PCD_WriteEmptyTxFifo  stm32f4xx_hal_pcd.o
    0x08001c56   0x08001c56   0x00000002   PAD
    0x08001c58   0x08001c58   0x00000040   Code   RO          784    i.Send_UID          app.o
    0x08001c98   0x08001c98   0x00000010   Code   RO           16    i.StartDefaultTask  main.o
    0x08001ca8   0x08001ca8   0x00000080   Code   RO           17    i.StartTask02       main.o
    0x08001d28   0x08001d28   0x00000080   Code   RO           18    i.StartTask03       main.o
    0x08001da8   0x08001da8   0x0000002c   Code   RO         5021    i.SysTick_Handler   port.o
    0x08001dd4   0x08001dd4   0x00000084   Code   RO           19    i.SystemClock_Config  main.o
    0x08001e58   0x08001e58   0x0000001c   Code   RO         3444    i.SystemInit        system_stm32f4xx.o
    0x08001e74   0x08001e74   0x0000000c   Code   RO          657    i.TIM6_DAC_IRQHandler  stm32f4xx_it.o
    0x08001e80   0x08001e80   0x000000c8   Code   RO         2605    i.TIM_Base_SetConfig  stm32f4xx_hal_tim.o
    0x08001f48   0x08001f48   0x00000024   Code   RO          785    i.ToLower           app.o
    0x08001f6c   0x08001f6c   0x0000004a   Code   RO         5363    i.USBD_CDC_DataIn   usbd_cdc.o
    0x08001fb6   0x08001fb6   0x0000002e   Code   RO         5364    i.USBD_CDC_DataOut  usbd_cdc.o
    0x08001fe4   0x08001fe4   0x00000044   Code   RO         5365    i.USBD_CDC_DeInit   usbd_cdc.o
    0x08002028   0x08002028   0x00000024   Code   RO         5366    i.USBD_CDC_EP0_RxReady  usbd_cdc.o
    0x0800204c   0x0800204c   0x0000000c   Code   RO         5367    i.USBD_CDC_GetDeviceQualifierDescriptor  usbd_cdc.o
    0x08002058   0x08002058   0x0000000c   Code   RO         5368    i.USBD_CDC_GetFSCfgDesc  usbd_cdc.o
    0x08002064   0x08002064   0x0000000c   Code   RO         5369    i.USBD_CDC_GetHSCfgDesc  usbd_cdc.o
    0x08002070   0x08002070   0x0000000c   Code   RO         5370    i.USBD_CDC_GetOtherSpeedCfgDesc  usbd_cdc.o
    0x0800207c   0x0800207c   0x00000094   Code   RO         5371    i.USBD_CDC_Init     usbd_cdc.o
    0x08002110   0x08002110   0x00000028   Code   RO         5372    i.USBD_CDC_ReceivePacket  usbd_cdc.o
    0x08002138   0x08002138   0x00000010   Code   RO         5373    i.USBD_CDC_RegisterInterface  usbd_cdc.o
    0x08002148   0x08002148   0x0000000c   Code   RO         5374    i.USBD_CDC_SetRxBuffer  usbd_cdc.o
    0x08002154   0x08002154   0x00000010   Code   RO         5375    i.USBD_CDC_SetTxBuffer  usbd_cdc.o
    0x08002164   0x08002164   0x000000ac   Code   RO         5376    i.USBD_CDC_Setup    usbd_cdc.o
    0x08002210   0x08002210   0x00000036   Code   RO         5377    i.USBD_CDC_TransmitPacket  usbd_cdc.o
    0x08002246   0x08002246   0x0000000e   Code   RO         5100    i.USBD_ClrClassConfig  usbd_core.o
    0x08002254   0x08002254   0x00000010   Code   RO         5303    i.USBD_CtlContinueRx  usbd_ioreq.o
    0x08002264   0x08002264   0x00000010   Code   RO         5304    i.USBD_CtlContinueSendData  usbd_ioreq.o
    0x08002274   0x08002274   0x00000016   Code   RO         5238    i.USBD_CtlError     usbd_ctlreq.o
    0x0800228a   0x0800228a   0x0000001e   Code   RO         5305    i.USBD_CtlPrepareRx  usbd_ioreq.o
    0x080022a8   0x080022a8   0x00000016   Code   RO         5306    i.USBD_CtlReceiveStatus  usbd_ioreq.o
    0x080022be   0x080022be   0x0000001a   Code   RO         5307    i.USBD_CtlSendData  usbd_ioreq.o
    0x080022d8   0x080022d8   0x00000016   Code   RO         5308    i.USBD_CtlSendStatus  usbd_ioreq.o
    0x080022ee   0x080022ee   0x00000002   PAD
    0x080022f0   0x080022f0   0x00000020   Code   RO          514    i.USBD_FS_ConfigStrDescriptor  usbd_desc.o
    0x08002310   0x08002310   0x0000000c   Code   RO          515    i.USBD_FS_DeviceDescriptor  usbd_desc.o
    0x0800231c   0x0800231c   0x00000024   Code   RO          516    i.USBD_FS_InterfaceStrDescriptor  usbd_desc.o
    0x08002340   0x08002340   0x0000000c   Code   RO          517    i.USBD_FS_LangIDStrDescriptor  usbd_desc.o
    0x0800234c   0x0800234c   0x00000028   Code   RO          518    i.USBD_FS_ManufacturerStrDescriptor  usbd_desc.o
    0x08002374   0x08002374   0x0000002c   Code   RO          519    i.USBD_FS_ProductStrDescriptor  usbd_desc.o
    0x080023a0   0x080023a0   0x00000038   Code   RO          520    i.USBD_FS_SerialStrDescriptor  usbd_desc.o
    0x080023d8   0x080023d8   0x000000e8   Code   RO         5239    i.USBD_GetDescriptor  usbd_ctlreq.o
    0x080024c0   0x080024c0   0x00000048   Code   RO         5240    i.USBD_GetString    usbd_ctlreq.o
    0x08002508   0x08002508   0x00000018   Code   RO          331    i.USBD_Get_USB_Status  usbd_conf.o
    0x08002520   0x08002520   0x0000002a   Code   RO         5102    i.USBD_Init         usbd_core.o
    0x0800254a   0x0800254a   0x00000012   Code   RO          332    i.USBD_LL_ClearStallEP  usbd_conf.o
    0x0800255c   0x0800255c   0x00000012   Code   RO          333    i.USBD_LL_CloseEP   usbd_conf.o
    0x0800256e   0x0800256e   0x000000c6   Code   RO         5103    i.USBD_LL_DataInStage  usbd_core.o
    0x08002634   0x08002634   0x00000082   Code   RO         5104    i.USBD_LL_DataOutStage  usbd_core.o
    0x080026b6   0x080026b6   0x00000004   Code   RO         5105    i.USBD_LL_DevConnected  usbd_core.o
    0x080026ba   0x080026ba   0x00000016   Code   RO         5106    i.USBD_LL_DevDisconnected  usbd_core.o
    0x080026d0   0x080026d0   0x00000008   Code   RO          337    i.USBD_LL_GetRxDataSize  usbd_conf.o
    0x080026d8   0x080026d8   0x00000060   Code   RO          338    i.USBD_LL_Init      usbd_conf.o
    0x08002738   0x08002738   0x00000020   Code   RO          339    i.USBD_LL_IsStallEP  usbd_conf.o
    0x08002758   0x08002758   0x00000004   Code   RO         5107    i.USBD_LL_IsoINIncomplete  usbd_core.o
    0x0800275c   0x0800275c   0x00000004   Code   RO         5108    i.USBD_LL_IsoOUTIncomplete  usbd_core.o
    0x08002760   0x08002760   0x00000018   Code   RO          340    i.USBD_LL_OpenEP    usbd_conf.o
    0x08002778   0x08002778   0x00000012   Code   RO          341    i.USBD_LL_PrepareReceive  usbd_conf.o
    0x0800278a   0x0800278a   0x00000050   Code   RO         5109    i.USBD_LL_Reset     usbd_core.o
    0x080027da   0x080027da   0x0000000c   Code   RO         5110    i.USBD_LL_Resume    usbd_core.o
    0x080027e6   0x080027e6   0x00000018   Code   RO         5111    i.USBD_LL_SOF       usbd_core.o
    0x080027fe   0x080027fe   0x00000006   Code   RO         5112    i.USBD_LL_SetSpeed  usbd_core.o
    0x08002804   0x08002804   0x00000012   Code   RO          342    i.USBD_LL_SetUSBAddress  usbd_conf.o
    0x08002816   0x08002816   0x0000005a   Code   RO         5113    i.USBD_LL_SetupStage  usbd_core.o
    0x08002870   0x08002870   0x00000012   Code   RO          343    i.USBD_LL_StallEP   usbd_conf.o
    0x08002882   0x08002882   0x00000012   Code   RO          344    i.USBD_LL_Start     usbd_conf.o
    0x08002894   0x08002894   0x00000012   Code   RO         5114    i.USBD_LL_Suspend   usbd_core.o
    0x080028a6   0x080028a6   0x00000012   Code   RO          346    i.USBD_LL_Transmit  usbd_conf.o
    0x080028b8   0x080028b8   0x00000028   Code   RO         5241    i.USBD_ParseSetupRequest  usbd_ctlreq.o
    0x080028e0   0x080028e0   0x00000010   Code   RO         5115    i.USBD_RegisterClass  usbd_core.o
    0x080028f0   0x080028f0   0x00000016   Code   RO         5117    i.USBD_SetClassConfig  usbd_core.o
    0x08002906   0x08002906   0x00000002   PAD
    0x08002908   0x08002908   0x00000084   Code   RO         5242    i.USBD_SetConfig    usbd_ctlreq.o
    0x0800298c   0x0800298c   0x0000000a   Code   RO         5118    i.USBD_Start        usbd_core.o
    0x08002996   0x08002996   0x00000112   Code   RO         5243    i.USBD_StdDevReq    usbd_ctlreq.o
    0x08002aa8   0x08002aa8   0x00000150   Code   RO         5244    i.USBD_StdEPReq     usbd_ctlreq.o
    0x08002bf8   0x08002bf8   0x0000004e   Code   RO         5245    i.USBD_StdItfReq    usbd_ctlreq.o
    0x08002c46   0x08002c46   0x00000002   PAD
    0x08002c48   0x08002c48   0x00000080   Code   RO         1084    i.USB_ActivateEndpoint  stm32f4xx_ll_usb.o
    0x08002cc8   0x08002cc8   0x00000034   Code   RO         1086    i.USB_ActivateSetup  stm32f4xx_ll_usb.o
    0x08002cfc   0x08002cfc   0x00000074   Code   RO         1088    i.USB_CoreInit      stm32f4xx_ll_usb.o
    0x08002d70   0x08002d70   0x00000038   Code   RO         1089    i.USB_CoreReset     stm32f4xx_ll_usb.o
    0x08002da8   0x08002da8   0x00000080   Code   RO         1092    i.USB_DeactivateEndpoint  stm32f4xx_ll_usb.o
    0x08002e28   0x08002e28   0x00000018   Code   RO         1093    i.USB_DevConnect    stm32f4xx_ll_usb.o
    0x08002e40   0x08002e40   0x00000018   Code   RO         1094    i.USB_DevDisconnect  stm32f4xx_ll_usb.o
    0x08002e58   0x08002e58   0x0000018c   Code   RO         1095    i.USB_DevInit       stm32f4xx_ll_usb.o
    0x08002fe4   0x08002fe4   0x0000000c   Code   RO         1096    i.USB_DisableGlobalInt  stm32f4xx_ll_usb.o
    0x08002ff0   0x08002ff0   0x00000118   Code   RO         1099    i.USB_EP0StartXfer  stm32f4xx_ll_usb.o
    0x08003108   0x08003108   0x00000058   Code   RO         1100    i.USB_EP0_OutStart  stm32f4xx_ll_usb.o
    0x08003160   0x08003160   0x00000058   Code   RO         1101    i.USB_EPClearStall  stm32f4xx_ll_usb.o
    0x080031b8   0x080031b8   0x00000058   Code   RO         1102    i.USB_EPSetStall    stm32f4xx_ll_usb.o
    0x08003210   0x08003210   0x000001e8   Code   RO         1103    i.USB_EPStartXfer   stm32f4xx_ll_usb.o
    0x080033f8   0x080033f8   0x0000000c   Code   RO         1104    i.USB_EnableGlobalInt  stm32f4xx_ll_usb.o
    0x08003404   0x08003404   0x00000020   Code   RO         1105    i.USB_FlushRxFifo   stm32f4xx_ll_usb.o
    0x08003424   0x08003424   0x00000024   Code   RO         1106    i.USB_FlushTxFifo   stm32f4xx_ll_usb.o
    0x08003448   0x08003448   0x0000001a   Code   RO         1108    i.USB_GetDevSpeed   stm32f4xx_ll_usb.o
    0x08003462   0x08003462   0x00000008   Code   RO         1110    i.USB_GetMode       stm32f4xx_ll_usb.o
    0x0800346a   0x0800346a   0x0000000e   Code   RO         1117    i.USB_ReadDevAllInEpInterrupt  stm32f4xx_ll_usb.o
    0x08003478   0x08003478   0x0000000e   Code   RO         1118    i.USB_ReadDevAllOutEpInterrupt  stm32f4xx_ll_usb.o
    0x08003486   0x08003486   0x00000024   Code   RO         1119    i.USB_ReadDevInEPInterrupt  stm32f4xx_ll_usb.o
    0x080034aa   0x080034aa   0x00000010   Code   RO         1120    i.USB_ReadDevOutEPInterrupt  stm32f4xx_ll_usb.o
    0x080034ba   0x080034ba   0x00000008   Code   RO         1121    i.USB_ReadInterrupts  stm32f4xx_ll_usb.o
    0x080034c2   0x080034c2   0x0000001c   Code   RO         1122    i.USB_ReadPacket    stm32f4xx_ll_usb.o
    0x080034de   0x080034de   0x0000002e   Code   RO         1124    i.USB_SetCurrentMode  stm32f4xx_ll_usb.o
    0x0800350c   0x0800350c   0x00000022   Code   RO         1125    i.USB_SetDevAddress  stm32f4xx_ll_usb.o
    0x0800352e   0x0800352e   0x00000002   PAD
    0x08003530   0x08003530   0x000000e8   Code   RO         1127    i.USB_SetTurnaroundTime  stm32f4xx_ll_usb.o
    0x08003618   0x08003618   0x00000024   Code   RO         1130    i.USB_WritePacket   stm32f4xx_ll_usb.o
    0x0800363c   0x0800363c   0x00000002   Code   RO          658    i.UsageFault_Handler  stm32f4xx_it.o
    0x0800363e   0x0800363e   0x00000002   PAD
    0x08003640   0x08003640   0x00000028   Code   RO         5690    i.__0sprintf$8      mc_w.l(printf8.o)
    0x08003668   0x08003668   0x00000020   Code   RO         2140    i.__NVIC_SetPriority  stm32f4xx_hal_cortex.o
    0x08003688   0x08003688   0x00000008   Code   RO         5797    i.__aeabi_errno_addr  mc_w.l(errno.o)
    0x08003690   0x08003690   0x0000000e   Code   RO         5859    i.__scatterload_copy  mc_w.l(handlers.o)
    0x0800369e   0x0800369e   0x00000002   Code   RO         5860    i.__scatterload_null  mc_w.l(handlers.o)
    0x080036a0   0x080036a0   0x0000000e   Code   RO         5861    i.__scatterload_zeroinit  mc_w.l(handlers.o)
    0x080036ae   0x080036ae   0x00000002   PAD
    0x080036b0   0x080036b0   0x00000410   Code   RO         5695    i._printf_core      mc_w.l(printf8.o)
    0x08003ac0   0x08003ac0   0x00000024   Code   RO         5696    i._printf_post_padding  mc_w.l(printf8.o)
    0x08003ae4   0x08003ae4   0x0000002e   Code   RO         5697    i._printf_pre_padding  mc_w.l(printf8.o)
    0x08003b12   0x08003b12   0x0000000a   Code   RO         5699    i._sputc            mc_w.l(printf8.o)
    0x08003b1c   0x08003b1c   0x00000050   Code   RO         5742    i.free              mc_w.l(malloc.o)
    0x08003b6c   0x08003b6c   0x00000058   Code   RO           20    i.main              main.o
    0x08003bc4   0x08003bc4   0x0000006c   Code   RO         5743    i.malloc            mc_w.l(malloc.o)
    0x08003c30   0x08003c30   0x00000034   Code   RO         4550    i.osDelay           cmsis_os2.o
    0x08003c64   0x08003c64   0x00000038   Code   RO         4564    i.osKernelInitialize  cmsis_os2.o
    0x08003c9c   0x08003c9c   0x00000040   Code   RO         4567    i.osKernelStart     cmsis_os2.o
    0x08003cdc   0x08003cdc   0x000000a4   Code   RO         4601    i.osThreadNew       cmsis_os2.o
    0x08003d80   0x08003d80   0x0000005c   Code   RO         4046    i.prvAddCurrentTaskToDelayedList  tasks.o
    0x08003ddc   0x08003ddc   0x000000d0   Code   RO         4047    i.prvAddNewTaskToReadyList  tasks.o
    0x08003eac   0x08003eac   0x00000058   Code   RO         4396    i.prvCheckForValidListAndQueue  timers.o
    0x08003f04   0x08003f04   0x00000026   Code   RO         3649    i.prvCopyDataFromQueue  queue.o
    0x08003f2a   0x08003f2a   0x0000006c   Code   RO         3650    i.prvCopyDataToQueue  queue.o
    0x08003f96   0x08003f96   0x00000034   Code   RO         4048    i.prvDeleteTCB      tasks.o
    0x08003fca   0x08003fca   0x00000002   PAD
    0x08003fcc   0x08003fcc   0x0000004c   Code   RO         4971    i.prvHeapInit       heap_4.o
    0x08004018   0x08004018   0x00000060   Code   RO         4049    i.prvIdleTask       tasks.o
    0x08004078   0x08004078   0x00000022   Code   RO         3652    i.prvInitialiseNewQueue  queue.o
    0x0800409a   0x0800409a   0x0000009c   Code   RO         4050    i.prvInitialiseNewTask  tasks.o
    0x08004136   0x08004136   0x00000002   PAD
    0x08004138   0x08004138   0x0000004c   Code   RO         4972    i.prvInsertBlockIntoFreeList  heap_4.o
    0x08004184   0x08004184   0x00000038   Code   RO         4398    i.prvInsertTimerInActiveList  timers.o
    0x080041bc   0x080041bc   0x0000001c   Code   RO         3653    i.prvIsQueueEmpty   queue.o
    0x080041d8   0x080041d8   0x000000cc   Code   RO         4399    i.prvProcessReceivedCommands  timers.o
    0x080042a4   0x080042a4   0x000000b4   Code   RO         4400    i.prvProcessTimerOrBlockTask  timers.o
    0x08004358   0x08004358   0x00000020   Code   RO         4052    i.prvResetNextTaskUnblockTime  tasks.o
    0x08004378   0x08004378   0x00000028   Code   RO         4401    i.prvSampleTimeNow  timers.o
    0x080043a0   0x080043a0   0x0000006c   Code   RO         4402    i.prvSwitchTimerLists  timers.o
    0x0800440c   0x0800440c   0x00000028   Code   RO         5022    i.prvTaskExitError  port.o
    0x08004434   0x08004434   0x00000024   Code   RO         4403    i.prvTimerTask      timers.o
    0x08004458   0x08004458   0x0000006a   Code   RO         3654    i.prvUnlockQueue    queue.o
    0x080044c2   0x080044c2   0x00000002   PAD
    0x080044c4   0x080044c4   0x000000d8   Code   RO         4973    i.pvPortMalloc      heap_4.o
    0x0800459c   0x0800459c   0x0000002c   Code   RO         5023    i.pxPortInitialiseStack  port.o
    0x080045c8   0x080045c8   0x00000026   Code   RO         3609    i.uxListRemove      list.o
    0x080045ee   0x080045ee   0x00000002   PAD
    0x080045f0   0x080045f0   0x00000014   Code   RO         4613    i.vApplicationGetIdleTaskMemory  cmsis_os2.o
    0x08004604   0x08004604   0x00000018   Code   RO         4614    i.vApplicationGetTimerTaskMemory  cmsis_os2.o
    0x0800461c   0x0800461c   0x00000016   Code   RO         3610    i.vListInitialise   list.o
    0x08004632   0x08004632   0x00000006   Code   RO         3611    i.vListInitialiseItem  list.o
    0x08004638   0x08004638   0x00000030   Code   RO         3612    i.vListInsert       list.o
    0x08004668   0x08004668   0x00000018   Code   RO         3613    i.vListInsertEnd    list.o
    0x08004680   0x08004680   0x00000040   Code   RO         5025    i.vPortEnterCritical  port.o
    0x080046c0   0x080046c0   0x00000028   Code   RO         5026    i.vPortExitCritical  port.o
    0x080046e8   0x080046e8   0x0000005c   Code   RO         4974    i.vPortFree         heap_4.o
    0x08004744   0x08004744   0x00000024   Code   RO         5027    i.vPortSetupTimerInterrupt  port.o
    0x08004768   0x08004768   0x00000054   Code   RO         5028    i.vPortValidateInterruptPriority  port.o
    0x080047bc   0x080047bc   0x00000028   Code   RO         3660    i.vQueueAddToRegistry  queue.o
    0x080047e4   0x080047e4   0x00000044   Code   RO         3664    i.vQueueWaitForMessageRestricted  queue.o
    0x08004828   0x08004828   0x0000004c   Code   RO         4064    i.vTaskDelay        tasks.o
    0x08004874   0x08004874   0x00000010   Code   RO         4069    i.vTaskInternalSetTimeOutState  tasks.o
    0x08004884   0x08004884   0x0000000c   Code   RO         4070    i.vTaskMissedYield  tasks.o
    0x08004890   0x08004890   0x00000030   Code   RO         4072    i.vTaskPlaceOnEventList  tasks.o
    0x080048c0   0x080048c0   0x00000038   Code   RO         4073    i.vTaskPlaceOnEventListRestricted  tasks.o
    0x080048f8   0x080048f8   0x00000088   Code   RO         4081    i.vTaskStartScheduler  tasks.o
    0x08004980   0x08004980   0x00000010   Code   RO         4083    i.vTaskSuspendAll   tasks.o
    0x08004990   0x08004990   0x00000064   Code   RO         4084    i.vTaskSwitchContext  tasks.o
    0x080049f4   0x080049f4   0x000000f4   Code   RO         5029    i.xPortStartScheduler  port.o
    0x08004ae8   0x08004ae8   0x00000066   Code   RO         3670    i.xQueueGenericCreateStatic  queue.o
    0x08004b4e   0x08004b4e   0x00000002   PAD
    0x08004b50   0x08004b50   0x00000088   Code   RO         3671    i.xQueueGenericReset  queue.o
    0x08004bd8   0x08004bd8   0x00000160   Code   RO         3672    i.xQueueGenericSend  queue.o
    0x08004d38   0x08004d38   0x000000bc   Code   RO         3673    i.xQueueGenericSendFromISR  queue.o
    0x08004df4   0x08004df4   0x00000138   Code   RO         3682    i.xQueueReceive     queue.o
    0x08004f2c   0x08004f2c   0x00000074   Code   RO         4085    i.xTaskCheckForTimeOut  tasks.o
    0x08004fa0   0x08004fa0   0x0000005a   Code   RO         4086    i.xTaskCreate       tasks.o
    0x08004ffa   0x08004ffa   0x00000056   Code   RO         4087    i.xTaskCreateStatic  tasks.o
    0x08005050   0x08005050   0x0000001c   Code   RO         4091    i.xTaskGetSchedulerState  tasks.o
    0x0800506c   0x0800506c   0x0000000c   Code   RO         4092    i.xTaskGetTickCount  tasks.o
    0x08005078   0x08005078   0x000000c8   Code   RO         4094    i.xTaskIncrementTick  tasks.o
    0x08005140   0x08005140   0x00000080   Code   RO         4097    i.xTaskPriorityDisinherit  tasks.o
    0x080051c0   0x080051c0   0x00000070   Code   RO         4099    i.xTaskRemoveFromEventList  tasks.o
    0x08005230   0x08005230   0x000000c4   Code   RO         4100    i.xTaskResumeAll    tasks.o
    0x080052f4   0x080052f4   0x00000060   Code   RO         4410    i.xTimerCreateTimerTask  timers.o
    0x08005354   0x08005354   0x00000068   Code   RO         4411    i.xTimerGenericCommand  timers.o
    0x080053bc   0x080053bc   0x0000006c   Data   RO           21    .constdata          main.o
    0x08005428   0x08005428   0x00000010   Data   RO         3445    .constdata          system_stm32f4xx.o
    0x08005438   0x08005438   0x00000008   Data   RO         3446    .constdata          system_stm32f4xx.o
    0x08005440   0x08005440   0x00000081   Data   RO         5823    .constdata          mc_w.l(ctype_o.o)
    0x080054c1   0x080054c1   0x00000003   PAD
    0x080054c4   0x080054c4   0x00000004   Data   RO         5824    .constdata          mc_w.l(ctype_o.o)
    0x080054c8   0x080054c8   0x0000001c   Data   RO           22    .conststring        main.o
    0x080054e4   0x080054e4   0x00000020   Data   RO         5857    Region$$Table       anon$$obj.o


    Execution Region RW_IRAM1 (Exec base: 0x20000000, Load base: 0x08005504, Size: 0x00006a20, Max: 0x00020000, ABSOLUTE, COMPRESSED[0x000000c8])

    Exec Addr    Load Addr    Size         Type   Attr      Idx    E Section Name        Object

    0x20000000   COMPRESSED   0x00000014   Data   RW           23    .data               main.o
    0x20000014   COMPRESSED   0x0000001c   Data   RW          522    .data               usbd_desc.o
    0x20000030   COMPRESSED   0x00000032   Data   RW          523    .data               usbd_desc.o
    0x20000062   COMPRESSED   0x00000002   PAD
    0x20000064   COMPRESSED   0x00000010   Data   RW          605    .data               usbd_cdc_if.o
    0x20000074   COMPRESSED   0x0000000c   Data   RW         2284    .data               stm32f4xx_hal.o
    0x20000080   COMPRESSED   0x00000004   Data   RW         3447    .data               system_stm32f4xx.o
    0x20000084   COMPRESSED   0x0000003c   Data   RW         4103    .data               tasks.o
    0x200000c0   COMPRESSED   0x00000014   Data   RW         4419    .data               timers.o
    0x200000d4   COMPRESSED   0x00000004   Data   RW         4616    .data               cmsis_os2.o
    0x200000d8   COMPRESSED   0x00000018   Data   RW         4979    .data               heap_4.o
    0x200000f0   COMPRESSED   0x0000000c   Data   RW         5030    .data               port.o
    0x200000fc   COMPRESSED   0x00000001   Data   RW         5246    .data               usbd_ctlreq.o
    0x200000fd   COMPRESSED   0x00000003   PAD
    0x20000100   COMPRESSED   0x000000d7   Data   RW         5378    .data               usbd_cdc.o
    0x200001d7   COMPRESSED   0x00000001   PAD
    0x200001d8   COMPRESSED   0x00000038   Data   RW         5379    .data               usbd_cdc.o
    0x20000210   COMPRESSED   0x00000004   Data   RW         5795    .data               mc_w.l(mvars.o)
    0x20000214   COMPRESSED   0x00000004   Data   RW         5796    .data               mc_w.l(mvars.o)
    0x20000218   COMPRESSED   0x00000004   Data   RW         5800    .data               mc_w.l(errno.o)
    0x2000021c        -       0x0000029c   Zero   RW          271    .bss                usb_device.o
    0x200004b8        -       0x00000408   Zero   RW          347    .bss                usbd_conf.o
    0x200008c0        -       0x00000200   Zero   RW          521    .bss                usbd_desc.o
    0x20000ac0        -       0x00001000   Zero   RW          604    .bss                usbd_cdc_if.o
    0x20001ac0        -       0x00000040   Zero   RW          748    .bss                stm32f4xx_hal_timebase_tim.o
    0x20001b00        -       0x0000004c   Zero   RW          786    .bss                app.o
    0x20001b4c        -       0x00000040   Zero   RW         3686    .bss                queue.o
    0x20001b8c        -       0x000004c4   Zero   RW         4102    .bss                tasks.o
    0x20002050        -       0x00000118   Zero   RW         4418    .bss                timers.o
    0x20002168        -       0x000006b8   Zero   RW         4615    .bss                cmsis_os2.o
    0x20002820        -       0x00003c00   Zero   RW         4978    .bss                heap_4.o
    0x20006420        -       0x00000200   Zero   RW            2    HEAP                startup_stm32f407xx.o
    0x20006620        -       0x00000400   Zero   RW            1    STACK               startup_stm32f407xx.o


==============================================================================

Image component sizes


      Code (inc. data)   RO Data    RW Data    ZI Data      Debug   Object Name

       100         28          0          0         76       1701   app.o
       380         32          0          4       1720      16422   cmsis_os2.o
         0          0          0          0          0      20300   event_groups.o
         0          0          0          0          0       2672   freertos.o
       460         24          0         24      15360       5023   heap_4.o
       138          0          0          0          0       3798   list.o
       626        102        136         20          0     702949   main.o
       786         82          0         12          0      12089   port.o
      1512         20          0          0         64      17880   queue.o
        36          8        392          0       1536        876   startup_stm32f407xx.o
       116         18          0         12          0       9002   stm32f4xx_hal.o
       158         14          0          0          0      33366   stm32f4xx_hal_cortex.o
       450         46          0          0          0       2524   stm32f4xx_hal_gpio.o
        56          4          0          0          0        922   stm32f4xx_hal_msp.o
      2372         18          0          0          0      13481   stm32f4xx_hal_pcd.o
        78          0          0          0          0       2569   stm32f4xx_hal_pcd_ex.o
      1372         82          0          0          0       6066   stm32f4xx_hal_rcc.o
       656         44          0          0          0       7672   stm32f4xx_hal_tim.o
         4          0          0          0          0       1729   stm32f4xx_hal_tim_ex.o
       116         16          0          0         64       1519   stm32f4xx_hal_timebase_tim.o
        36         12          0          0          0       3991   stm32f4xx_it.o
      2546        140          0          0          0      24011   stm32f4xx_ll_usb.o
         0          0          0          0          0       8916   stream_buffer.o
        28          6         24          4          0       1251   system_stm32f4xx.o
      2064        170          0         60       1220      25012   tasks.o
       912         82          0         20        280      26827   timers.o
        84         18          0          0        668       2635   usb_device.o
       730         16          0        271          0      14254   usbd_cdc.o
       112         22          0         16       4096       3588   usbd_cdc_if.o
       634         20          0          0       1032      15996   usbd_conf.o
       696          0          0          0          0      13065   usbd_core.o
      1186         28          0          1          0       8492   usbd_ctlreq.o
       288        104          0         78        512       6333   usbd_desc.o
       132          0          0          0          0       4800   usbd_ioreq.o

    ----------------------------------------------------------------------
     18900       1156        584        528      26628    1021731   Object Totals
         0          0         32          0          0          0   (incl. Generated)
        36          0          0          6          0          0   (incl. Padding)

    ----------------------------------------------------------------------

      Code (inc. data)   RO Data    RW Data    ZI Data      Debug   Library Member Name

        86          0          0          0          0          0   __dczerorl2.o
        28          0          0          0          0         68   _chval.o
       158          0          0          0          0         92   _strtoul.o
        26          0          0          0          0         80   atoi.o
         8          4        133          0          0         68   ctype_o.o
         0          0          0          0          0          0   entry.o
         0          0          0          0          0          0   entry10a.o
         0          0          0          0          0          0   entry11a.o
         8          4          0          0          0          0   entry2.o
         4          0          0          0          0          0   entry5.o
         0          0          0          0          0          0   entry7b.o
         0          0          0          0          0          0   entry8b.o
         8          4          0          0          0          0   entry9a.o
         8          4          0          4          0         68   errno.o
        30          0          0          0          0          0   handlers.o
        36          8          0          0          0         68   init.o
        30          0          0          0          0         68   llshl.o
        32          0          0          0          0         68   llushr.o
       188         20          0          0          0        160   malloc.o
        36          0          0          0          0         68   memcpya.o
        36          0          0          0          0        108   memseta.o
         0          0          0          8          0          0   mvars.o
      1172         50          0          0          0        420   printf8.o
        36          0          0          0          0         80   strstr.o
       112          0          0          0          0         88   strtol.o
        98          0          0          0          0         92   uldiv.o

    ----------------------------------------------------------------------
      2144         94        136         12          0       1596   Library Totals
         4          0          3          0          0          0   (incl. Padding)

    ----------------------------------------------------------------------

      Code (inc. data)   RO Data    RW Data    ZI Data      Debug   Library Name

      2140         94        133         12          0       1596   mc_w.l

    ----------------------------------------------------------------------
      2144         94        136         12          0       1596   Library Totals

    ----------------------------------------------------------------------

==============================================================================


      Code (inc. data)   RO Data    RW Data    ZI Data      Debug   

     21044       1250        720        540      26628     999031   Grand Totals
     21044       1250        720        200      26628     999031   ELF Image Totals (compressed)
     21044       1250        720        200          0          0   ROM Totals

==============================================================================

    Total RO  Size (Code + RO Data)                21764 (  21.25kB)
    Total RW  Size (RW Data + ZI Data)             27168 (  26.53kB)
    Total ROM Size (Code + RO Data + RW Data)      21964 (  21.45kB)

==============================================================================

